Component: ARM Compiler 5.06 update 6 (build 750) Tool: armlink [4d35ed]

==============================================================================

Section Cross References

    startup_stm32l476xx.o(RESET) refers to startup_stm32l476xx.o(STACK) for __initial_sp
    startup_stm32l476xx.o(RESET) refers to startup_stm32l476xx.o(.text) for Reset_Handler
    startup_stm32l476xx.o(RESET) refers to port.o(.emb_text) for SVC_Handler
    startup_stm32l476xx.o(RESET) refers to stm32l4xx_it.o(i.SysTick_Handler) for SysTick_Handler
    startup_stm32l476xx.o(RESET) refers to stm32l4xx_it.o(i.TIM5_IRQHandler) for TIM5_IRQHandler
    startup_stm32l476xx.o(RESET) refers to stm32l4xx_it.o(i.OTG_FS_IRQHandler) for OTG_FS_IRQHandler
    startup_stm32l476xx.o(.text) refers to system_stm32l4xx.o(i.SystemInit) for SystemInit
    startup_stm32l476xx.o(.text) refers to entry.o(.ARM.Collect$$$$00000000) for __main
    system_stm32l4xx.o(i.SystemCoreClockUpdate) refers to system_stm32l4xx.o(.constdata) for .constdata
    system_stm32l4xx.o(i.SystemCoreClockUpdate) refers to system_stm32l4xx.o(.data) for .data
    usbh_cdc.o(i.CDC_ProcessReception) refers to usbh_conf.o(i.USBH_LL_GetURBState) for USBH_LL_GetURBState
    usbh_cdc.o(i.CDC_ProcessReception) refers to usbh_conf.o(i.USBH_LL_GetLastXferSize) for USBH_LL_GetLastXferSize
    usbh_cdc.o(i.CDC_ProcessReception) refers to usbh_ioreq.o(i.USBH_BulkReceiveData) for USBH_BulkReceiveData
    usbh_cdc.o(i.CDC_ProcessReception) refers to usbh_cdc.o(i.USBH_CDC_ReceiveCallback) for USBH_CDC_ReceiveCallback
    usbh_cdc.o(i.CDC_ProcessReception) refers to cmsis_os.o(i.osMessagePut) for osMessagePut
    usbh_cdc.o(i.CDC_ProcessTransmission) refers to usbh_conf.o(i.USBH_LL_GetURBState) for USBH_LL_GetURBState
    usbh_cdc.o(i.CDC_ProcessTransmission) refers to usbh_ioreq.o(i.USBH_BulkSendData) for USBH_BulkSendData
    usbh_cdc.o(i.CDC_ProcessTransmission) refers to usbh_cdc.o(i.USBH_CDC_TransmitCallback) for USBH_CDC_TransmitCallback
    usbh_cdc.o(i.CDC_ProcessTransmission) refers to cmsis_os.o(i.osMessagePut) for osMessagePut
    usbh_cdc.o(i.GetLineCoding) refers to usbh_ctlreq.o(i.USBH_CtlReq) for USBH_CtlReq
    usbh_cdc.o(i.USBH_CDC_ClassRequest) refers to usbh_cdc.o(i.GetLineCoding) for GetLineCoding
    usbh_cdc.o(i.USBH_CDC_GetLastReceivedDataSize) refers to usbh_conf.o(i.USBH_LL_GetLastXferSize) for USBH_LL_GetLastXferSize
    usbh_cdc.o(i.USBH_CDC_InterfaceDeInit) refers to usbh_pipes.o(i.USBH_ClosePipe) for USBH_ClosePipe
    usbh_cdc.o(i.USBH_CDC_InterfaceDeInit) refers to usbh_pipes.o(i.USBH_FreePipe) for USBH_FreePipe
    usbh_cdc.o(i.USBH_CDC_InterfaceDeInit) refers to malloc.o(i.free) for free
    usbh_cdc.o(i.USBH_CDC_InterfaceInit) refers to usbh_core.o(i.USBH_FindInterface) for USBH_FindInterface
    usbh_cdc.o(i.USBH_CDC_InterfaceInit) refers to usbh_core.o(i.USBH_SelectInterface) for USBH_SelectInterface
    usbh_cdc.o(i.USBH_CDC_InterfaceInit) refers to malloc.o(i.malloc) for malloc
    usbh_cdc.o(i.USBH_CDC_InterfaceInit) refers to usbh_pipes.o(i.USBH_AllocPipe) for USBH_AllocPipe
    usbh_cdc.o(i.USBH_CDC_InterfaceInit) refers to usbh_pipes.o(i.USBH_OpenPipe) for USBH_OpenPipe
    usbh_cdc.o(i.USBH_CDC_InterfaceInit) refers to usbh_conf.o(i.USBH_LL_SetToggle) for USBH_LL_SetToggle
    usbh_cdc.o(i.USBH_CDC_Process) refers to usbh_ctlreq.o(i.USBH_CtlReq) for USBH_CtlReq
    usbh_cdc.o(i.USBH_CDC_Process) refers to usbh_cdc.o(i.GetLineCoding) for GetLineCoding
    usbh_cdc.o(i.USBH_CDC_Process) refers to usbh_cdc.o(i.USBH_CDC_LineCodingChanged) for USBH_CDC_LineCodingChanged
    usbh_cdc.o(i.USBH_CDC_Process) refers to usbh_cdc.o(i.CDC_ProcessTransmission) for CDC_ProcessTransmission
    usbh_cdc.o(i.USBH_CDC_Process) refers to usbh_cdc.o(i.CDC_ProcessReception) for CDC_ProcessReception
    usbh_cdc.o(i.USBH_CDC_Process) refers to usbh_ctlreq.o(i.USBH_ClrFeature) for USBH_ClrFeature
    usbh_cdc.o(i.USBH_CDC_Receive) refers to cmsis_os.o(i.osMessagePut) for osMessagePut
    usbh_cdc.o(i.USBH_CDC_SetLineCoding) refers to cmsis_os.o(i.osMessagePut) for osMessagePut
    usbh_cdc.o(i.USBH_CDC_Stop) refers to usbh_pipes.o(i.USBH_ClosePipe) for USBH_ClosePipe
    usbh_cdc.o(i.USBH_CDC_Transmit) refers to cmsis_os.o(i.osMessagePut) for osMessagePut
    usbh_cdc.o(.data) refers to usbh_cdc.o(.conststring) for .conststring
    usbh_cdc.o(.data) refers to usbh_cdc.o(i.USBH_CDC_InterfaceInit) for USBH_CDC_InterfaceInit
    usbh_cdc.o(.data) refers to usbh_cdc.o(i.USBH_CDC_InterfaceDeInit) for USBH_CDC_InterfaceDeInit
    usbh_cdc.o(.data) refers to usbh_cdc.o(i.USBH_CDC_ClassRequest) for USBH_CDC_ClassRequest
    usbh_cdc.o(.data) refers to usbh_cdc.o(i.USBH_CDC_Process) for USBH_CDC_Process
    usbh_cdc.o(.data) refers to usbh_cdc.o(i.USBH_CDC_SOFProcess) for USBH_CDC_SOFProcess
    usbh_ctlreq.o(i.USBH_ClrFeature) refers to usbh_ctlreq.o(i.USBH_CtlReq) for USBH_CtlReq
[...]
    prvAddNewTaskToReadyList                 0x080049e9   Thumb Code   194  tasks.o(i.prvAddNewTaskToReadyList)
    i.prvCheckTasksWaitingTermination        0x08004ab8   Section        0  tasks.o(i.prvCheckTasksWaitingTermination)
    prvCheckTasksWaitingTermination          0x08004ab9   Thumb Code    70  tasks.o(i.prvCheckTasksWaitingTermination)
    i.prvCopyDataFromQueue                   0x08004b08   Section        0  queue.o(i.prvCopyDataFromQueue)
    prvCopyDataFromQueue                     0x08004b09   Thumb Code    38  queue.o(i.prvCopyDataFromQueue)
    i.prvCopyDataToQueue                     0x08004b2e   Section        0  queue.o(i.prvCopyDataToQueue)
    prvCopyDataToQueue                       0x08004b2f   Thumb Code   108  queue.o(i.prvCopyDataToQueue)
    i.prvDeleteTCB                           0x08004b9a   Section        0  tasks.o(i.prvDeleteTCB)
    prvDeleteTCB                             0x08004b9b   Thumb Code    20  tasks.o(i.prvDeleteTCB)
    i.prvHeapInit                            0x08004bb0   Section        0  heap_4.o(i.prvHeapInit)
    prvHeapInit                              0x08004bb1   Thumb Code    64  heap_4.o(i.prvHeapInit)
    i.prvIdleTask                            0x08004bf8   Section        0  tasks.o(i.prvIdleTask)
    prvIdleTask                              0x08004bf9   Thumb Code    34  tasks.o(i.prvIdleTask)
    i.prvInitialiseNewTask                   0x08004c24   Section        0  tasks.o(i.prvInitialiseNewTask)
    prvInitialiseNewTask                     0x08004c25   Thumb Code   142  tasks.o(i.prvInitialiseNewTask)
    i.prvInsertBlockIntoFreeList             0x08004cb4   Section        0  heap_4.o(i.prvInsertBlockIntoFreeList)
    prvInsertBlockIntoFreeList               0x08004cb5   Thumb Code    72  heap_4.o(i.prvInsertBlockIntoFreeList)
    i.prvIsQueueEmpty                        0x08004d00   Section        0  queue.o(i.prvIsQueueEmpty)
    prvIsQueueEmpty                          0x08004d01   Thumb Code    28  queue.o(i.prvIsQueueEmpty)
    i.prvResetNextTaskUnblockTime            0x08004d1c   Section        0  tasks.o(i.prvResetNextTaskUnblockTime)
    prvResetNextTaskUnblockTime              0x08004d1d   Thumb Code    26  tasks.o(i.prvResetNextTaskUnblockTime)
    i.prvTaskExitError                       0x08004d3c   Section        0  port.o(i.prvTaskExitError)
    prvTaskExitError                         0x08004d3d   Thumb Code    36  port.o(i.prvTaskExitError)
    i.prvUnlockQueue                         0x08004d64   Section        0  queue.o(i.prvUnlockQueue)
    prvUnlockQueue                           0x08004d65   Thumb Code   106  queue.o(i.prvUnlockQueue)
    i.pvPortMalloc                           0x08004dd0   Section        0  heap_4.o(i.pvPortMalloc)
    i.pvTaskIncrementMutexHeldCount          0x08004ea8   Section        0  tasks.o(i.pvTaskIncrementMutexHeldCount)
    i.pxPortInitialiseStack                  0x08004ec0   Section        0  port.o(i.pxPortInitialiseStack)
    i.thread                                 0x08004eec   Section        0  main.o(i.thread)
    i.thread_init                            0x08004f54   Section        0  main.o(i.thread_init)
    i.uxListRemove                           0x08004fe6   Section        0  list.o(i.uxListRemove)
    i.vApplicationIdleHook                   0x0800500c   Section        0  main.o(i.vApplicationIdleHook)
    i.vListInitialise                        0x0800501c   Section        0  list.o(i.vListInitialise)
    i.vListInitialiseItem                    0x08005032   Section        0  list.o(i.vListInitialiseItem)
    i.vListInsert                            0x08005038   Section        0  list.o(i.vListInsert)
    i.vListInsertEnd                         0x08005068   Section        0  list.o(i.vListInsertEnd)
    i.vPortEnterCritical                     0x08005080   Section        0  port.o(i.vPortEnterCritical)
    i.vPortExitCritical                      0x080050c0   Section        0  port.o(i.vPortExitCritical)
    i.vPortFree                              0x080050e8   Section        0  heap_4.o(i.vPortFree)
    i.vPortSetupTimerInterrupt               0x08005144   Section        0  port.o(i.vPortSetupTimerInterrupt)
    i.vPortValidateInterruptPriority         0x08005164   Section        0  port.o(i.vPortValidateInterruptPriority)
    i.vTaskDelay                             0x080051b8   Section        0  tasks.o(i.vTaskDelay)
    i.vTaskMissedYield                       0x08005204   Section        0  tasks.o(i.vTaskMissedYield)
    i.vTaskPlaceOnEventList                  0x08005210   Section        0  tasks.o(i.vTaskPlaceOnEventList)
    i.vTaskPriorityInherit                   0x08005240   Section        0  tasks.o(i.vTaskPriorityInherit)
    i.vTaskSetTimeOutState                   0x080052c4   Section        0  tasks.o(i.vTaskSetTimeOutState)
    i.vTaskStartScheduler                    0x080052e8   Section        0  tasks.o(i.vTaskStartScheduler)
    i.vTaskSuspendAll                        0x08005350   Section        0  tasks.o(i.vTaskSuspendAll)
    i.vTaskSwitchContext                     0x08005360   Section        0  tasks.o(i.vTaskSwitchContext)
    i.xPortStartScheduler                    0x080053bc   Section        0  port.o(i.xPortStartScheduler)
    i.xPortSysTickHandler                    0x0800549c   Section        0  port.o(i.xPortSysTickHandler)
    i.xQueueCreateMutex                      0x080054c8   Section        0  queue.o(i.xQueueCreateMutex)
    i.xQueueGenericCreate                    0x080054ec   Section        0  queue.o(i.xQueueGenericCreate)
    i.xQueueGenericReceive                   0x08005534   Section        0  queue.o(i.xQueueGenericReceive)
    i.xQueueGenericReset                     0x080056a8   Section        0  queue.o(i.xQueueGenericReset)
    i.xQueueGenericSend                      0x08005730   Section        0  queue.o(i.xQueueGenericSend)
    i.xQueueGenericSendFromISR               0x08005890   Section        0  queue.o(i.xQueueGenericSendFromISR)
    i.xQueueReceiveFromISR                   0x0800594c   Section        0  queue.o(i.xQueueReceiveFromISR)
    i.xTaskCheckForTimeOut                   0x080059e8   Section        0  tasks.o(i.xTaskCheckForTimeOut)
    i.xTaskCreate                            0x08005a54   Section        0  tasks.o(i.xTaskCreate)
    i.xTaskGetSchedulerState                 0x08005ab0   Section        0  tasks.o(i.xTaskGetSchedulerState)
    i.xTaskIncrementTick                     0x08005acc   Section        0  tasks.o(i.xTaskIncrementTick)
    i.xTaskPriorityDisinherit                0x08005b94   Section        0  tasks.o(i.xTaskPriorityDisinherit)
    i.xTaskRemoveFromEventList               0x08005c2c   Section        0  tasks.o(i.xTaskRemoveFromEventList)
    i.xTaskResumeAll                         0x08005ca0   Section        0  tasks.o(i.xTaskResumeAll)
    .constdata                               0x08005d64   Section       64  system_stm32l4xx.o(.constdata)
    .constdata                               0x08005da4   Section        8  system_stm32l4xx.o(.constdata)
    .constdata                               0x08005dac   Section       28  usbh_core.o(.constdata)
    .constdata                               0x08005dc8   Section       20  freertos.o(.constdata)
    .conststring                             0x08005ddc   Section        4  usbh_cdc.o(.conststring)
    .conststring                             0x08005de0   Section       12  usbh_core.o(.conststring)
    .conststring                             0x08005dec   Section       12  freertos.o(.conststring)
    .data                                    0x20000000   Section        4  system_stm32l4xx.o(.data)
    .data                                    0x20000004   Section       32  usbh_cdc.o(.data)
    .data                                    0x20000024   Section        4  stm32l4xx_hal.o(.data)
    .data                                    0x20000028   Section       60  tasks.o(.data)
    uxDeletedTasksWaitingCleanUp             0x2000002c   Data           4  tasks.o(.data)
    uxCurrentNumberOfTasks                   0x20000030   Data           4  tasks.o(.data)
    xTickCount                               0x20000034   Data           4  tasks.o(.data)
    uxTopReadyPriority                       0x20000038   Data           4  tasks.o(.data)
    xSchedulerRunning                        0x2000003c   Data           4  tasks.o(.data)
    uxPendedTicks                            0x20000040   Data           4  tasks.o(.data)
    xYieldPending                            0x20000044   Data           4  tasks.o(.data)
    xNumOfOverflows                          0x20000048   Data           4  tasks.o(.data)
    uxTaskNumber                             0x2000004c   Data           4  tasks.o(.data)
    xNextTaskUnblockTime                     0x20000050   Data           4  tasks.o(.data)
    xIdleTaskHandle                          0x20000054   Data           4  tasks.o(.data)
    uxSchedulerSuspended                     0x20000058   Data           4  tasks.o(.data)
    pxDelayedTaskList                        0x2000005c   Data           4  tasks.o(.data)
    pxOverflowDelayedTaskList                0x20000060   Data           4  tasks.o(.data)
    .data                                    0x20000064   Section       12  port.o(.data)
    ucMaxSysCallPriority                     0x20000064   Data           1  port.o(.data)
    uxCriticalNesting                        0x20000068   Data           4  port.o(.data)
    ulMaxPRIGROUPValue                       0x2000006c   Data           4  port.o(.data)
    .data                                    0x20000070   Section       24  heap_4.o(.data)
    pxEnd                                    0x20000070   Data           4  heap_4.o(.data)
    xFreeBytesRemaining                      0x20000074   Data           4  heap_4.o(.data)
    xMinimumEverFreeBytesRemaining           0x20000078   Data           4  heap_4.o(.data)
    xBlockAllocatedBit                       0x2000007c   Data           4  heap_4.o(.data)
    xStart                                   0x20000080   Data           8  heap_4.o(.data)
    .data                                    0x20000088   Section        4  freertos.o(.data)
    .data                                    0x2000008c   Section        8  main.o(.data)
    .data                                    0x20000094   Section        1  usb_host.o(.data)
    .data                                    0x20000098   Section        4  mvars.o(.data)
    .data                                    0x2000009c   Section        4  mvars.o(.data)
    .bss                                     0x200000a0   Section      240  tasks.o(.bss)
    pxReadyTasksLists                        0x200000a0   Data         140  tasks.o(.bss)
    xDelayedTaskList1                        0x2000012c   Data          20  tasks.o(.bss)
    xDelayedTaskList2                        0x20000140   Data          20  tasks.o(.bss)
    xPendingReadyList                        0x20000154   Data          20  tasks.o(.bss)
    xTasksWaitingTermination                 0x20000168   Data          20  tasks.o(.bss)
    xSuspendedTaskList                       0x2000017c   Data          20  tasks.o(.bss)
    .bss                                     0x20000190   Section    10000  heap_4.o(.bss)
    ucHeap                                   0x20000190   Data       10000  heap_4.o(.bss)
    .bss                                     0x200028a0   Section       64  stm32l4xx_hal_timebase_tim.o(.bss)
    .bss                                     0x200028e0   Section      190  main.o(.bss)
    .bss                                     0x200029a0   Section      152  i2c.o(.bss)
    .bss                                     0x20002a38   Section      664  usbh_conf.o(.bss)
    .bss                                     0x20002cd0   Section      120  usart.o(.bss)
    .bss                                     0x20002d48   Section      976  usb_host.o(.bss)
    .bss                                     0x20003118   Section       12  rng.o(.bss)
    HEAP                                     0x20003128   Section      512  startup_stm32l476xx.o(HEAP)
    STACK                                    0x20003328   Section     1024  startup_stm32l476xx.o(STACK)

    Global Symbols

    Symbol Name                              Value     Ov Type        Size  Object(Section)

    BuildAttributes$$THM_ISAv4$E$P$D$K$B$S$7EM$VFPi3$EXTD16$VFPS$VFMA$PE$A:L22UL41UL21$X:L11$S22US41US21$IEEE1$IW$USESV6$~STKCKD$USESV7$~SHL$OSPACE$ROPI$EBA8$MICROLIB$REQ8$PRES8$EABIv2 0x00000000   Number         0  anon$$obj.o ABSOLUTE
    __ARM_use_no_argv                        0x00000000   Number         0  main.o ABSOLUTE
    _printf_a                                0x00000000   Number         0  stubs.o ABSOLUTE
    _printf_c                                0x00000000   Number         0  stubs.o ABSOLUTE
    _printf_charcount                        0x00000000   Number         0  stubs.o ABSOLUTE
    _printf_d                                0x00000000   Number         0  stubs.o ABSOLUTE
    _printf_e                                0x00000000   Number         0  stubs.o ABSOLUTE
    _printf_f                                0x00000000   Number         0  stubs.o ABSOLUTE
    _printf_flags                            0x00000000   Number         0  stubs.o ABSOLUTE
    _printf_fp_dec                           0x00000000   Number         0  stubs.o ABSOLUTE
    _printf_fp_hex                           0x00000000   Number         0  stubs.o ABSOLUTE
    _printf_g                                0x00000000   Number         0  stubs.o ABSOLUTE
    _printf_i                                0x00000000   Number         0  stubs.o ABSOLUTE
    _printf_int_dec                          0x00000000   Number         0  stubs.o ABSOLUTE
    _printf_l                                0x00000000   Number         0  stubs.o ABSOLUTE
    _printf_lc                               0x00000000   Number         0  stubs.o ABSOLUTE
    _printf_ll                               0x00000000   Number         0  stubs.o ABSOLUTE
    _printf_lld                              0x00000000   Number         0  stubs.o ABSOLUTE
    _printf_lli                              0x00000000   Number         0  stubs.o ABSOLUTE
    _printf_llo                              0x00000000   Number         0  stubs.o ABSOLUTE
    _printf_llu                              0x00000000   Number         0  stubs.o ABSOLUTE
    _printf_llx                              0x00000000   Number         0  stubs.o ABSOLUTE
    _printf_longlong_dec                     0x00000000   Number         0  stubs.o ABSOLUTE
    _printf_longlong_hex                     0x00000000   Number         0  stubs.o ABSOLUTE
    _printf_longlong_oct                     0x00000000   Number         0  stubs.o ABSOLUTE
    _printf_ls                               0x00000000   Number         0  stubs.o ABSOLUTE
    _printf_mbtowc                           0x00000000   Number         0  stubs.o ABSOLUTE
    _printf_n                                0x00000000   Number         0  stubs.o ABSOLUTE
    _printf_o                                0x00000000   Number         0  stubs.o ABSOLUTE
    _printf_p                                0x00000000   Number         0  stubs.o ABSOLUTE
    _printf_percent                          0x00000000   Number         0  stubs.o ABSOLUTE
    _printf_pre_padding                      0x00000000   Number         0  stubs.o ABSOLUTE
    _printf_return_value                     0x00000000   Number         0  stubs.o ABSOLUTE
    _printf_s                                0x00000000   Number         0  stubs.o ABSOLUTE
    _printf_sizespec                         0x00000000   Number         0  stubs.o ABSOLUTE
    _printf_str                              0x00000000   Number         0  stubs.o ABSOLUTE
    _printf_truncate_signed                  0x00000000   Number         0  stubs.o ABSOLUTE
    _printf_truncate_unsigned                0x00000000   Number         0  stubs.o ABSOLUTE
    _printf_u                                0x00000000   Number         0  stubs.o ABSOLUTE
    _printf_wc                               0x00000000   Number         0  stubs.o ABSOLUTE
    _printf_wctomb                           0x00000000   Number         0  stubs.o ABSOLUTE
    _printf_widthprec                        0x00000000   Number         0  stubs.o ABSOLUTE
    _printf_x                                0x00000000   Number         0  stubs.o ABSOLUTE
    __cpp_initialize__aeabi_                  - Undefined Weak Reference
    __cxa_finalize                            - Undefined Weak Reference
    __decompress                              - Undefined Weak Reference
    _clock_init                               - Undefined Weak Reference
    _microlib_exit                            - Undefined Weak Reference
    __Vectors_Size                           0x00000188   Number         0  startup_stm32l476xx.o ABSOLUTE
    __Vectors                                0x08000000   Data           4  startup_stm32l476xx.o(RESET)
    __Vectors_End                            0x08000188   Data           0  startup_stm32l476xx.o(RESET)
    __main                                   0x08000189   Thumb Code     0  entry.o(.ARM.Collect$$$$00000000)
    _main_stk                                0x08000189   Thumb Code     0  entry2.o(.ARM.Collect$$$$00000001)
    _main_scatterload                        0x0800018d   Thumb Code     0  entry5.o(.ARM.Collect$$$$00000004)
    __main_after_scatterload                 0x08000191   Thumb Code     0  entry5.o(.ARM.Collect$$$$00000004)
    _main_clock                              0x08000191   Thumb Code     0  entry7b.o(.ARM.Collect$$$$00000008)
    _main_cpp_init                           0x08000191   Thumb Code     0  entry8b.o(.ARM.Collect$$$$0000000A)
    _main_init                               0x08000191   Thumb Code     0  entry9a.o(.ARM.Collect$$$$0000000B)
    __rt_final_cpp                           0x08000199   Thumb Code     0  entry10a.o(.ARM.Collect$$$$0000000D)
    __rt_final_exit                          0x08000199   Thumb Code     0  entry11a.o(.ARM.Collect$$$$0000000F)
    SVC_Handler                              0x0800019d   Thumb Code    28  port.o(.emb_text)
    __asm___6_port_c_39a90d8d__prvStartFirstTask 0x080001bd   Thumb Code    28  port.o(.emb_text)
    __asm___6_port_c_39a90d8d__prvEnableVFP  0x080001dd   Thumb Code    16  port.o(.emb_text)
    PendSV_Handler                           0x080001f1   Thumb Code    92  port.o(.emb_text)
    vPortGetIPSR                             0x08000251   Thumb Code     6  port.o(.emb_text)
    Reset_Handler                            0x08000279   Thumb Code     8  startup_stm32l476xx.o(.text)
    NMI_Handler                              0x08000281   Thumb Code     2  startup_stm32l476xx.o(.text)
    HardFault_Handler                        0x08000283   Thumb Code     2  startup_stm32l476xx.o(.text)
    MemManage_Handler                        0x08000285   Thumb Code     2  startup_stm32l476xx.o(.text)
    BusFault_Handler                         0x08000287   Thumb Code     2  startup_stm32l476xx.o(.text)
    UsageFault_Handler                       0x08000289   Thumb Code     2  startup_stm32l476xx.o(.text)
    DebugMon_Handler                         0x0800028d   Thumb Code     2  startup_stm32l476xx.o(.text)
    ADC1_2_IRQHandler                        0x08000293   Thumb Code     0  startup_stm32l476xx.o(.text)
    ADC3_IRQHandler                          0x08000293   Thumb Code     0  startup_stm32l476xx.o(.text)
    CAN1_RX0_IRQHandler                      0x08000293   Thumb Code     0  startup_stm32l476xx.o(.text)
    CAN1_RX1_IRQHandler                      0x08000293   Thumb Code     0  startup_stm32l476xx.o(.text)
    CAN1_SCE_IRQHandler                      0x08000293   Thumb Code     0  startup_stm32l476xx.o(.text)
    CAN1_TX_IRQHandler                       0x08000293   Thumb Code     0  startup_stm32l476xx.o(.text)
    COMP_IRQHandler                          0x08000293   Thumb Code     0  startup_stm32l476xx.o(.text)
    DFSDM1_FLT0_IRQHandler                   0x08000293   Thumb Code     0  startup_stm32l476xx.o(.text)
    DFSDM1_FLT1_IRQHandler                   0x08000293   Thumb Code     0  startup_stm32l476xx.o(.text)
    DFSDM1_FLT2_IRQHandler                   0x08000293   Thumb Code     0  startup_stm32l476xx.o(.text)
    DFSDM1_FLT3_IRQHandler                   0x08000293   Thumb Code     0  startup_stm32l476xx.o(.text)
    DMA1_Channel1_IRQHandler                 0x08000293   Thumb Code     0  startup_stm32l476xx.o(.text)
    DMA1_Channel2_IRQHandler                 0x08000293   Thumb Code     0  startup_stm32l476xx.o(.text)
    DMA1_Channel3_IRQHandler                 0x08000293   Thumb Code     0  startup_stm32l476xx.o(.text)
    DMA1_Channel4_IRQHandler                 0x08000293   Thumb Code     0  startup_stm32l476xx.o(.text)
    DMA1_Channel5_IRQHandler                 0x08000293   Thumb Code     0  startup_stm32l476xx.o(.text)
    DMA1_Channel6_IRQHandler                 0x08000293   Thumb Code     0  startup_stm32l476xx.o(.text)
    DMA1_Channel7_IRQHandler                 0x08000293   Thumb Code     0  startup_stm32l476xx.o(.text)
    DMA2_Channel1_IRQHandler                 0x08000293   Thumb Code     0  startup_stm32l476xx.o(.text)
    DMA2_Channel2_IRQHandler                 0x08000293   Thumb Code     0  startup_stm32l476xx.o(.text)
    DMA2_Channel3_IRQHandler                 0x08000293   Thumb Code     0  startup_stm32l476xx.o(.text)
    DMA2_Channel4_IRQHandler                 0x08000293   Thumb Code     0  startup_stm32l476xx.o(.text)
    DMA2_Channel5_IRQHandler                 0x08000293   Thumb Code     0  startup_stm32l476xx.o(.text)
    DMA2_Channel6_IRQHandler                 0x08000293   Thumb Code     0  startup_stm32l476xx.o(.text)
    DMA2_Channel7_IRQHandler                 0x08000293   Thumb Code     0  startup_stm32l476xx.o(.text)
    EXTI0_IRQHandler                         0x08000293   Thumb Code     0  startup_stm32l476xx.o(.text)
    EXTI15_10_IRQHandler                     0x08000293   Thumb Code     0  startup_stm32l476xx.o(.text)
    EXTI1_IRQHandler                         0x08000293   Thumb Code     0  startup_stm32l476xx.o(.text)
    EXTI2_IRQHandler                         0x08000293   Thumb Code     0  startup_stm32l476xx.o(.text)
    EXTI3_IRQHandler                         0x08000293   Thumb Code     0  startup_stm32l476xx.o(.text)
    EXTI4_IRQHandler                         0x08000293   Thumb Code     0  startup_stm32l476xx.o(.text)
    EXTI9_5_IRQHandler                       0x08000293   Thumb Code     0  startup_stm32l476xx.o(.text)
    FLASH_IRQHandler                         0x08000293   Thumb Code     0  startup_stm32l476xx.o(.text)
    FMC_IRQHandler                           0x08000293   Thumb Code     0  startup_stm32l476xx.o(.text)
    FPU_IRQHandler                           0x08000293   Thumb Code     0  startup_stm32l476xx.o(.text)
    I2C1_ER_IRQHandler                       0x08000293   Thumb Code     0  startup_stm32l476xx.o(.text)
    I2C1_EV_IRQHandler                       0x08000293   Thumb Code     0  startup_stm32l476xx.o(.text)
    I2C2_ER_IRQHandler                       0x08000293   Thumb Code     0  startup_stm32l476xx.o(.text)
    I2C2_EV_IRQHandler                       0x08000293   Thumb Code     0  startup_stm32l476xx.o(.text)
    I2C3_ER_IRQHandler                       0x08000293   Thumb Code     0  startup_stm32l476xx.o(.text)
    I2C3_EV_IRQHandler                       0x08000293   Thumb Code     0  startup_stm32l476xx.o(.text)
    LCD_IRQHandler                           0x08000293   Thumb Code     0  startup_stm32l476xx.o(.text)
    LPTIM1_IRQHandler                        0x08000293   Thumb Code     0  startup_stm32l476xx.o(.text)
    LPTIM2_IRQHandler                        0x08000293   Thumb Code     0  startup_stm32l476xx.o(.text)
    LPUART1_IRQHandler                       0x08000293   Thumb Code     0  startup_stm32l476xx.o(.text)
    PVD_PVM_IRQHandler                       0x08000293   Thumb Code     0  startup_stm32l476xx.o(.text)
    QUADSPI_IRQHandler                       0x08000293   Thumb Code     0  startup_stm32l476xx.o(.text)
    RCC_IRQHandler                           0x08000293   Thumb Code     0  startup_stm32l476xx.o(.text)
    RNG_IRQHandler                           0x08000293   Thumb Code     0  startup_stm32l476xx.o(.text)
    RTC_Alarm_IRQHandler                     0x08000293   Thumb Code     0  startup_stm32l476xx.o(.text)
    RTC_WKUP_IRQHandler                      0x08000293   Thumb Code     0  startup_stm32l476xx.o(.text)
    SAI1_IRQHandler                          0x08000293   Thumb Code     0  startup_stm32l476xx.o(.text)
    SAI2_IRQHandler                          0x08000293   Thumb Code     0  startup_stm32l476xx.o(.text)
    SDMMC1_IRQHandler                        0x08000293   Thumb Code     0  startup_stm32l476xx.o(.text)
    SPI1_IRQHandler                          0x08000293   Thumb Code     0  startup_stm32l476xx.o(.text)
    SPI2_IRQHandler                          0x08000293   Thumb Code     0  startup_stm32l476xx.o(.text)
    SPI3_IRQHandler                          0x08000293   Thumb Code     0  startup_stm32l476xx.o(.text)
    SWPMI1_IRQHandler                        0x08000293   Thumb Code     0  startup_stm32l476xx.o(.text)
    TAMP_STAMP_IRQHandler                    0x08000293   Thumb Code     0  startup_stm32l476xx.o(.text)
    TIM1_BRK_TIM15_IRQHandler                0x08000293   Thumb Code     0  startup_stm32l476xx.o(.text)
    TIM1_CC_IRQHandler                       0x08000293   Thumb Code     0  startup_stm32l476xx.o(.text)
    TIM1_TRG_COM_TIM17_IRQHandler            0x08000293   Thumb Code     0  startup_stm32l476xx.o(.text)
    TIM1_UP_TIM16_IRQHandler                 0x08000293   Thumb Code     0  startup_stm32l476xx.o(.text)
    TIM2_IRQHandler                          0x08000293   Thumb Code     0  startup_stm32l476xx.o(.text)
    TIM3_IRQHandler                          0x08000293   Thumb Code     0  startup_stm32l476xx.o(.text)
    TIM4_IRQHandler                          0x08000293   Thumb Code     0  startup_stm32l476xx.o(.text)
    TIM6_DAC_IRQHandler                      0x08000293   Thumb Code     0  startup_stm32l476xx.o(.text)
    TIM7_IRQHandler                          0x08000293   Thumb Code     0  startup_stm32l476xx.o(.text)
    TIM8_BRK_IRQHandler                      0x08000293   Thumb Code     0  startup_stm32l476xx.o(.text)
    TIM8_CC_IRQHandler                       0x08000293   Thumb Code     0  startup_stm32l476xx.o(.text)
    TIM8_TRG_COM_IRQHandler                  0x08000293   Thumb Code     0  startup_stm32l476xx.o(.text)
    TIM8_UP_IRQHandler                       0x08000293   Thumb Code     0  startup_stm32l476xx.o(.text)
    TSC_IRQHandler                           0x08000293   Thumb Code     0  startup_stm32l476xx.o(.text)
    UART4_IRQHandler                         0x08000293   Thumb Code     0  startup_stm32l476xx.o(.text)
    UART5_IRQHandler                         0x08000293   Thumb Code     0  startup_stm32l476xx.o(.text)
    USART1_IRQHandler                        0x08000293   Thumb Code     0  startup_stm32l476xx.o(.text)
    USART2_IRQHandler                        0x08000293   Thumb Code     0  startup_stm32l476xx.o(.text)
    USART3_IRQHandler                        0x08000293   Thumb Code     0  startup_stm32l476xx.o(.text)
    WWDG_IRQHandler                          0x08000293   Thumb Code     0  startup_stm32l476xx.o(.text)
    __aeabi_uldivmod                         0x0800029d   Thumb Code    98  uldiv.o(.text)
    __aeabi_memcpy                           0x08000305   Thumb Code    36  memcpya.o(.text)
    __aeabi_memcpy4                          0x08000305   Thumb Code     0  memcpya.o(.text)
    __aeabi_memcpy8                          0x08000305   Thumb Code     0  memcpya.o(.text)
    strlen                                   0x08000329   Thumb Code    14  strlen.o(.text)
    __aeabi_uidiv                            0x08000337   Thumb Code     0  uidiv.o(.text)
    __aeabi_uidivmod                         0x08000337   Thumb Code    44  uidiv.o(.text)
    __aeabi_llsl                             0x08000363   Thumb Code    30  llshl.o(.text)
    _ll_shift_l                              0x08000363   Thumb Code     0  llshl.o(.text)
    __aeabi_llsr                             0x08000381   Thumb Code    32  llushr.o(.text)
    _ll_ushift_r                             0x08000381   Thumb Code     0  llushr.o(.text)
    __scatterload                            0x080003a1   Thumb Code    28  init.o(.text)
    __scatterload_rt2                        0x080003a1   Thumb Code     0  init.o(.text)
    HAL_Delay                                0x0800051f   Thumb Code    28  stm32l4xx_hal.o(i.HAL_Delay)
    HAL_GPIO_Init                            0x0800053d   Thumb Code   414  stm32l4xx_hal_gpio.o(i.HAL_GPIO_Init)
    HAL_GPIO_WritePin                        0x08000707   Thumb Code    10  stm32l4xx_hal_gpio.o(i.HAL_GPIO_WritePin)
    HAL_GetTick                              0x08000711   Thumb Code     6  stm32l4xx_hal.o(i.HAL_GetTick)
    HAL_HCD_Connect_Callback                 0x0800071d   Thumb Code     8  usbh_conf.o(i.HAL_HCD_Connect_Callback)
    HAL_HCD_Disconnect_Callback              0x08000725   Thumb Code     8  usbh_conf.o(i.HAL_HCD_Disconnect_Callback)
    HAL_HCD_GetCurrentFrame                  0x0800072d   Thumb Code     6  stm32l4xx_hal_hcd.o(i.HAL_HCD_GetCurrentFrame)
    HAL_HCD_GetCurrentSpeed                  0x08000733   Thumb Code     6  stm32l4xx_hal_hcd.o(i.HAL_HCD_GetCurrentSpeed)
    HAL_HCD_HC_GetURBState                   0x08000739   Thumb Code    14  stm32l4xx_hal_hcd.o(i.HAL_HCD_HC_GetURBState)
    HAL_HCD_HC_GetXferCount                  0x08000747   Thumb Code    12  stm32l4xx_hal_hcd.o(i.HAL_HCD_HC_GetXferCount)
    HAL_HCD_HC_Halt                          0x08000753   Thumb Code    36  stm32l4xx_hal_hcd.o(i.HAL_HCD_HC_Halt)
    HAL_HCD_HC_Init                          0x08000777   Thumb Code    84  stm32l4xx_hal_hcd.o(i.HAL_HCD_HC_Init)
    HAL_HCD_HC_NotifyURBChange_Callback      0x080007cb   Thumb Code     8  usbh_conf.o(i.HAL_HCD_HC_NotifyURBChange_Callback)
    HAL_HCD_HC_SubmitRequest                 0x080007d3   Thumb Code   182  stm32l4xx_hal_hcd.o(i.HAL_HCD_HC_SubmitRequest)
    HAL_HCD_IRQHandler                       0x08000889   Thumb Code   302  stm32l4xx_hal_hcd.o(i.HAL_HCD_IRQHandler)
    HAL_HCD_Init                             0x080009b7   Thumb Code   104  stm32l4xx_hal_hcd.o(i.HAL_HCD_Init)
    HAL_HCD_MspInit                          0x08000a21   Thumb Code   122  usbh_conf.o(i.HAL_HCD_MspInit)
    HAL_HCD_ResetPort                        0x08000aa1   Thumb Code     6  stm32l4xx_hal_hcd.o(i.HAL_HCD_ResetPort)
    HAL_HCD_SOF_Callback                     0x08000aa7   Thumb Code     8  usbh_conf.o(i.HAL_HCD_SOF_Callback)
    HAL_HCD_Start                            0x08000aaf   Thumb Code    44  stm32l4xx_hal_hcd.o(i.HAL_HCD_Start)
    HAL_HCD_Stop                             0x08000adb   Thumb Code    36  stm32l4xx_hal_hcd.o(i.HAL_HCD_Stop)
    HAL_I2CEx_ConfigAnalogFilter             0x08000aff   Thumb Code    86  stm32l4xx_hal_i2c_ex.o(i.HAL_I2CEx_ConfigAnalogFilter)
    HAL_I2CEx_ConfigDigitalFilter            0x08000b55   Thumb Code    82  stm32l4xx_hal_i2c_ex.o(i.HAL_I2CEx_ConfigDigitalFilter)
    HAL_I2C_Init                             0x08000ba9   Thumb Code   178  stm32l4xx_hal_i2c.o(i.HAL_I2C_Init)
    HAL_I2C_MspInit                          0x08000c61   Thumb Code    92  i2c.o(i.HAL_I2C_MspInit)
    HAL_IncTick                              0x08000ccd   Thumb Code    10  stm32l4xx_hal.o(i.HAL_IncTick)
    HAL_Init                                 0x08000cdd   Thumb Code    32  stm32l4xx_hal.o(i.HAL_Init)
    HAL_InitTick                             0x08000d01   Thumb Code    98  stm32l4xx_hal_timebase_tim.o(i.HAL_InitTick)
    HAL_MspInit                              0x08000d75   Thumb Code   122  stm32l4xx_hal_msp.o(i.HAL_MspInit)
    HAL_NVIC_EnableIRQ                       0x08000df5   Thumb Code    22  stm32l4xx_hal_cortex.o(i.HAL_NVIC_EnableIRQ)
    HAL_NVIC_SetPriority                     0x08000e0d   Thumb Code    60  stm32l4xx_hal_cortex.o(i.HAL_NVIC_SetPriority)
    HAL_NVIC_SetPriorityGrouping             0x08000e4d   Thumb Code    26  stm32l4xx_hal_cortex.o(i.HAL_NVIC_SetPriorityGrouping)
    HAL_PWREx_ControlVoltageScaling          0x08000e71   Thumb Code    86  stm32l4xx_hal_pwr_ex.o(i.HAL_PWREx_ControlVoltageScaling)
    HAL_PWREx_EnableVddUSB                   0x08000ed5   Thumb Code    12  stm32l4xx_hal_pwr_ex.o(i.HAL_PWREx_EnableVddUSB)
    HAL_PWREx_GetVoltageRange                0x08000ee5   Thumb Code    10  stm32l4xx_hal_pwr_ex.o(i.HAL_PWREx_GetVoltageRange)
    HAL_RCCEx_EnableMSIPLLMode               0x08000ef5   Thumb Code    12  stm32l4xx_hal_rcc_ex.o(i.HAL_RCCEx_EnableMSIPLLMode)
    HAL_RCCEx_PeriphCLKConfig                0x08000f05   Thumb Code   928  stm32l4xx_hal_rcc_ex.o(i.HAL_RCCEx_PeriphCLKConfig)
    HAL_RCC_ClockConfig                      0x080012b5   Thumb Code   358  stm32l4xx_hal_rcc.o(i.HAL_RCC_ClockConfig)
    HAL_RCC_GetClockConfig                   0x0800142d   Thumb Code    54  stm32l4xx_hal_rcc.o(i.HAL_RCC_GetClockConfig)
    HAL_RCC_GetHCLKFreq                      0x0800146d   Thumb Code     6  stm32l4xx_hal_rcc.o(i.HAL_RCC_GetHCLKFreq)
    HAL_RCC_GetPCLK1Freq                     0x08001479   Thumb Code    20  stm32l4xx_hal_rcc.o(i.HAL_RCC_GetPCLK1Freq)
    HAL_RCC_GetPCLK2Freq                     0x08001499   Thumb Code    20  stm32l4xx_hal_rcc.o(i.HAL_RCC_GetPCLK2Freq)
    HAL_RCC_GetSysClockFreq                  0x080014b9   Thumb Code   182  stm32l4xx_hal_rcc.o(i.HAL_RCC_GetSysClockFreq)
    HAL_RCC_OscConfig                        0x0800157d   Thumb Code  1128  stm32l4xx_hal_rcc.o(i.HAL_RCC_OscConfig)
    HAL_RNG_Init                             0x080019e5   Thumb Code    48  stm32l4xx_hal_rng.o(i.HAL_RNG_Init)
    HAL_RNG_MspInit                          0x08001a15   Thumb Code    30  rng.o(i.HAL_RNG_MspInit)
    HAL_SYSTICK_CLKSourceConfig              0x08001a3d   Thumb Code    24  stm32l4xx_hal_cortex.o(i.HAL_SYSTICK_CLKSourceConfig)
    HAL_SYSTICK_Config                       0x08001a55   Thumb Code    40  stm32l4xx_hal_cortex.o(i.HAL_SYSTICK_Config)
    HAL_TIMEx_BreakCallback                  0x08001a7d   Thumb Code     2  stm32l4xx_hal_tim_ex.o(i.HAL_TIMEx_BreakCallback)
    HAL_TIMEx_CommutationCallback            0x08001a7f   Thumb Code     2  stm32l4xx_hal_tim_ex.o(i.HAL_TIMEx_CommutationCallback)
    HAL_TIM_Base_Init                        0x08001a81   Thumb Code    54  stm32l4xx_hal_tim.o(i.HAL_TIM_Base_Init)
    HAL_TIM_Base_MspInit                     0x08001ab7   Thumb Code     2  stm32l4xx_hal_tim.o(i.HAL_TIM_Base_MspInit)
    HAL_TIM_Base_Start_IT                    0x08001ab9   Thumb Code    24  stm32l4xx_hal_tim.o(i.HAL_TIM_Base_Start_IT)
    HAL_TIM_IC_CaptureCallback               0x08001ad1   Thumb Code     2  stm32l4xx_hal_tim.o(i.HAL_TIM_IC_CaptureCallback)
    HAL_TIM_IRQHandler                       0x08001ad3   Thumb Code   358  stm32l4xx_hal_tim.o(i.HAL_TIM_IRQHandler)
    HAL_TIM_OC_DelayElapsedCallback          0x08001c39   Thumb Code     2  stm32l4xx_hal_tim.o(i.HAL_TIM_OC_DelayElapsedCallback)
    HAL_TIM_PWM_PulseFinishedCallback        0x08001c3b   Thumb Code     2  stm32l4xx_hal_tim.o(i.HAL_TIM_PWM_PulseFinishedCallback)
    HAL_TIM_PeriodElapsedCallback            0x08001c3d   Thumb Code    14  main.o(i.HAL_TIM_PeriodElapsedCallback)
    HAL_TIM_TriggerCallback                  0x08001c51   Thumb Code     2  stm32l4xx_hal_tim.o(i.HAL_TIM_TriggerCallback)
    HAL_UART_Init                            0x08001c53   Thumb Code   106  stm32l4xx_hal_uart.o(i.HAL_UART_Init)
    HAL_UART_MspInit                         0x08001cbd   Thumb Code    62  usart.o(i.HAL_UART_MspInit)
    HAL_UART_Transmit                        0x08001d09   Thumb Code   176  stm32l4xx_hal_uart.o(i.HAL_UART_Transmit)
    MX_DriverVbusFS                          0x08002345   Thumb Code    18  usbh_platform.o(i.MX_DriverVbusFS)
    MX_FREERTOS_Init                         0x0800235d   Thumb Code    30  freertos.o(i.MX_FREERTOS_Init)
    MX_GPIO_Init                             0x08002385   Thumb Code   466  gpio.o(i.MX_GPIO_Init)
    MX_I2C1_Init                             0x08002579   Thumb Code    88  i2c.o(i.MX_I2C1_Init)
    MX_RNG_Init                              0x080025ed   Thumb Code    32  rng.o(i.MX_RNG_Init)
    MX_USART2_UART_Init                      0x08002625   Thumb Code    56  usart.o(i.MX_USART2_UART_Init)
    MX_USB_HOST_Init                         0x08002675   Thumb Code    30  usb_host.o(i.MX_USB_HOST_Init)
    OTG_FS_IRQHandler                        0x080026c1   Thumb Code     6  stm32l4xx_it.o(i.OTG_FS_IRQHandler)
    StartDefaultTask                         0x0800297d   Thumb Code    12  freertos.o(i.StartDefaultTask)
    SysTick_Handler                          0x08002989   Thumb Code     4  stm32l4xx_it.o(i.SysTick_Handler)
    SystemClock_Config                       0x0800298d   Thumb Code   208  main.o(i.SystemClock_Config)
    SystemInit                               0x08002a75   Thumb Code    56  system_stm32l4xx.o(i.SystemInit)
    TIM5_IRQHandler                          0x08002ab9   Thumb Code     6  stm32l4xx_it.o(i.TIM5_IRQHandler)
    TIM_Base_SetConfig                       0x08002ac5   Thumb Code   160  stm32l4xx_hal_tim.o(i.TIM_Base_SetConfig)
    UART_AdvFeatureConfig                    0x08002b85   Thumb Code   200  stm32l4xx_hal_uart.o(i.UART_AdvFeatureConfig)
    UART_CheckIdleState                      0x08002c4d   Thumb Code    92  stm32l4xx_hal_uart.o(i.UART_CheckIdleState)
    UART_SetConfig                           0x08002ca9   Thumb Code   622  stm32l4xx_hal_uart.o(i.UART_SetConfig)
    UART_WaitOnFlagUntilTimeout              0x08002f49   Thumb Code   100  stm32l4xx_hal_uart.o(i.UART_WaitOnFlagUntilTimeout)
    USBH_AllocPipe                           0x08002fad   Thumb Code    52  usbh_pipes.o(i.USBH_AllocPipe)
    USBH_BulkReceiveData                     0x08002fe1   Thumb Code    32  usbh_ioreq.o(i.USBH_BulkReceiveData)
    USBH_BulkSendData                        0x08003001   Thumb Code    40  usbh_ioreq.o(i.USBH_BulkSendData)
    USBH_CDC_LineCodingChanged               0x080031df   Thumb Code     2  usbh_cdc.o(i.USBH_CDC_LineCodingChanged)
    USBH_CDC_ReceiveCallback                 0x08003299   Thumb Code     2  usbh_cdc.o(i.USBH_CDC_ReceiveCallback)
    USBH_CDC_TransmitCallback                0x0800329f   Thumb Code     2  usbh_cdc.o(i.USBH_CDC_TransmitCallback)
    USBH_ClosePipe                           0x080032a1   Thumb Code    10  usbh_pipes.o(i.USBH_ClosePipe)
    USBH_ClrFeature                          0x080032ab   Thumb Code    30  usbh_ctlreq.o(i.USBH_ClrFeature)
    USBH_CtlReceiveData                      0x080032c9   Thumb Code    30  usbh_ioreq.o(i.USBH_CtlReceiveData)
    USBH_CtlReq                              0x080032e7   Thumb Code    74  usbh_ctlreq.o(i.USBH_CtlReq)
    USBH_CtlSendData                         0x08003331   Thumb Code    40  usbh_ioreq.o(i.USBH_CtlSendData)
    USBH_CtlSendSetup                        0x08003359   Thumb Code    30  usbh_ioreq.o(i.USBH_CtlSendSetup)
    USBH_Delay                               0x08003377   Thumb Code     4  usbh_conf.o(i.USBH_Delay)
    USBH_FindInterface                       0x0800337b   Thumb Code    68  usbh_core.o(i.USBH_FindInterface)
    USBH_FreePipe                            0x080033bf   Thumb Code    24  usbh_pipes.o(i.USBH_FreePipe)
    USBH_GetDescriptor                       0x080033d7   Thumb Code    52  usbh_ctlreq.o(i.USBH_GetDescriptor)
    USBH_GetNextDesc                         0x0800340b   Thumb Code    14  usbh_ctlreq.o(i.USBH_GetNextDesc)
    USBH_Get_CfgDesc                         0x08003419   Thumb Code    44  usbh_ctlreq.o(i.USBH_Get_CfgDesc)
    USBH_Get_DevDesc                         0x08003445   Thumb Code   154  usbh_ctlreq.o(i.USBH_Get_DevDesc)
    USBH_Get_StringDesc                      0x080034df   Thumb Code    72  usbh_ctlreq.o(i.USBH_Get_StringDesc)
    USBH_Init                                0x080037d1   Thumb Code    98  usbh_core.o(i.USBH_Init)
    USBH_LL_ClosePipe                        0x08003839   Thumb Code    32  usbh_conf.o(i.USBH_LL_ClosePipe)
    USBH_LL_Connect                          0x08003859   Thumb Code    56  usbh_core.o(i.USBH_LL_Connect)
    USBH_LL_Disconnect                       0x08003891   Thumb Code    68  usbh_core.o(i.USBH_LL_Disconnect)
    USBH_LL_DriverVBUS                       0x080038d5   Thumb Code    26  usbh_conf.o(i.USBH_LL_DriverVBUS)
    USBH_LL_GetLastXferSize                  0x080038ef   Thumb Code     8  usbh_conf.o(i.USBH_LL_GetLastXferSize)
    USBH_LL_GetSpeed                         0x080038f7   Thumb Code    34  usbh_conf.o(i.USBH_LL_GetSpeed)
    USBH_LL_GetURBState                      0x08003919   Thumb Code     8  usbh_conf.o(i.USBH_LL_GetURBState)
    USBH_LL_IncTimer                         0x08003921   Thumb Code    30  usbh_core.o(i.USBH_LL_IncTimer)
    USBH_LL_Init                             0x08003941   Thumb Code    78  usbh_conf.o(i.USBH_LL_Init)
    USBH_LL_NotifyURBChange                  0x080039a9   Thumb Code    18  usbh_core.o(i.USBH_LL_NotifyURBChange)
    USBH_LL_OpenPipe                         0x080039bb   Thumb Code    42  usbh_conf.o(i.USBH_LL_OpenPipe)
    USBH_LL_ResetPort                        0x080039e5   Thumb Code    32  usbh_conf.o(i.USBH_LL_ResetPort)
    USBH_LL_SetTimer                         0x08003a05   Thumb Code     6  usbh_core.o(i.USBH_LL_SetTimer)
    USBH_LL_SetToggle                        0x08003a0b   Thumb Code    32  usbh_conf.o(i.USBH_LL_SetToggle)
    USBH_LL_Start                            0x08003a2b   Thumb Code    32  usbh_conf.o(i.USBH_LL_Start)
    USBH_LL_Stop                             0x08003a4b   Thumb Code    32  usbh_conf.o(i.USBH_LL_Stop)
    USBH_LL_SubmitURB                        0x08003a6b   Thumb Code    48  usbh_conf.o(i.USBH_LL_SubmitURB)
    USBH_OpenPipe                            0x08003a9b   Thumb Code    20  usbh_pipes.o(i.USBH_OpenPipe)
    USBH_Process                             0x08003b97   Thumb Code   384  usbh_core.o(i.USBH_Process)
    USBH_RegisterClass                       0x08003d39   Thumb Code    28  usbh_core.o(i.USBH_RegisterClass)
    USBH_SelectInterface                     0x08003d55   Thumb Code    22  usbh_core.o(i.USBH_SelectInterface)
    USBH_SetAddress                          0x08003d6b   Thumb Code    28  usbh_ctlreq.o(i.USBH_SetAddress)
    USBH_SetCfg                              0x08003d87   Thumb Code    28  usbh_ctlreq.o(i.USBH_SetCfg)
    USBH_Start                               0x08003da3   Thumb Code    20  usbh_core.o(i.USBH_Start)
    USB_CoreInit                             0x08003dd9   Thumb Code    28  stm32l4xx_ll_usb.o(i.USB_CoreInit)
    USB_DisableGlobalInt                     0x08003e41   Thumb Code    12  stm32l4xx_ll_usb.o(i.USB_DisableGlobalInt)
    USB_DriveVbus                            0x08003e4d   Thumb Code    44  stm32l4xx_ll_usb.o(i.USB_DriveVbus)
    USB_EnableGlobalInt                      0x08003e79   Thumb Code    12  stm32l4xx_ll_usb.o(i.USB_EnableGlobalInt)
    USB_FlushRxFifo                          0x08003e85   Thumb Code    28  stm32l4xx_ll_usb.o(i.USB_FlushRxFifo)
    USB_FlushTxFifo                          0x08003ea5   Thumb Code    32  stm32l4xx_ll_usb.o(i.USB_FlushTxFifo)
    USB_GetCurrentFrame                      0x08003ec9   Thumb Code     8  stm32l4xx_ll_usb.o(i.USB_GetCurrentFrame)
    USB_GetHostSpeed                         0x08003ed1   Thumb Code    14  stm32l4xx_ll_usb.o(i.USB_GetHostSpeed)
    USB_GetMode                              0x08003edf   Thumb Code     8  stm32l4xx_ll_usb.o(i.USB_GetMode)
    USB_HC_Halt                              0x08003ee7   Thumb Code   376  stm32l4xx_ll_usb.o(i.USB_HC_Halt)
    USB_HC_Init                              0x08004061   Thumb Code   210  stm32l4xx_ll_usb.o(i.USB_HC_Init)
    USB_HC_ReadInterrupt                     0x08004133   Thumb Code    12  stm32l4xx_ll_usb.o(i.USB_HC_ReadInterrupt)
    USB_HC_StartXfer                         0x08004141   Thumb Code   324  stm32l4xx_ll_usb.o(i.USB_HC_StartXfer)
    USB_HostInit                             0x08004291   Thumb Code   152  stm32l4xx_ll_usb.o(i.USB_HostInit)
    USB_InitFSLSPClkSel                      0x08004335   Thumb Code    54  stm32l4xx_ll_usb.o(i.USB_InitFSLSPClkSel)
    USB_ReadInterrupts                       0x0800436b   Thumb Code     8  stm32l4xx_ll_usb.o(i.USB_ReadInterrupts)
    USB_ReadPacket                           0x08004373   Thumb Code    32  stm32l4xx_ll_usb.o(i.USB_ReadPacket)
    USB_ResetPort                            0x08004393   Thumb Code    44  stm32l4xx_ll_usb.o(i.USB_ResetPort)
    USB_SetCurrentMode                       0x080043bf   Thumb Code    44  stm32l4xx_ll_usb.o(i.USB_SetCurrentMode)
    USB_StopHost                             0x080043eb   Thumb Code   190  stm32l4xx_ll_usb.o(i.USB_StopHost)
    USB_WritePacket                          0x080044a9   Thumb Code    36  stm32l4xx_ll_usb.o(i.USB_WritePacket)
    _Error_Handler                           0x080044cd   Thumb Code    32  main.o(i._Error_Handler)
    __0sprintf$3                             0x08004509   Thumb Code    34  printf3.o(i.__0sprintf$3)
    __1sprintf$3                             0x08004509   Thumb Code     0  printf3.o(i.__0sprintf$3)
    __2sprintf                               0x08004509   Thumb Code     0  printf3.o(i.__0sprintf$3)
    __scatterload_copy                       0x08004531   Thumb Code    14  handlers.o(i.__scatterload_copy)
    __scatterload_null                       0x0800453f   Thumb Code     2  handlers.o(i.__scatterload_null)
    __scatterload_zeroinit                   0x08004541   Thumb Code    14  handlers.o(i.__scatterload_zeroinit)
    free                                     0x08004719   Thumb Code    76  malloc.o(i.free)
    main                                     0x08004775   Thumb Code    44  main.o(i.main)
    malloc                                   0x080047ad   Thumb Code    92  malloc.o(i.malloc)
    osDelay                                  0x08004819   Thumb Code    14  cmsis_os.o(i.osDelay)
    osKernelStart                            0x08004827   Thumb Code    10  cmsis_os.o(i.osKernelStart)
    osMessageCreate                          0x08004831   Thumb Code     8  cmsis_os.o(i.osMessageCreate)
    osMessageGet                             0x08004839   Thumb Code   146  cmsis_os.o(i.osMessageGet)
    osMessagePut                             0x080048d9   Thumb Code    86  cmsis_os.o(i.osMessagePut)
    osSystickHandler                         0x08004935   Thumb Code    20  cmsis_os.o(i.osSystickHandler)
    osThreadCreate                           0x08004949   Thumb Code    46  cmsis_os.o(i.osThreadCreate)
    pvPortMalloc                             0x08004dd1   Thumb Code   210  heap_4.o(i.pvPortMalloc)
    pvTaskIncrementMutexHeldCount            0x08004ea9   Thumb Code    18  tasks.o(i.pvTaskIncrementMutexHeldCount)
    pxPortInitialiseStack                    0x08004ec1   Thumb Code    40  port.o(i.pxPortInitialiseStack)
    thread                                   0x08004eed   Thumb Code    68  main.o(i.thread)
    thread_init                              0x08004f55   Thumb Code    98  main.o(i.thread_init)
    uxListRemove                             0x08004fe7   Thumb Code    36  list.o(i.uxListRemove)
    vApplicationIdleHook                     0x0800500d   Thumb Code    10  main.o(i.vApplicationIdleHook)
    vListInitialise                          0x0800501d   Thumb Code    22  list.o(i.vListInitialise)
    vListInitialiseItem                      0x08005033   Thumb Code     6  list.o(i.vListInitialiseItem)
    vListInsert                              0x08005039   Thumb Code    48  list.o(i.vListInsert)
    vListInsertEnd                           0x08005069   Thumb Code    24  list.o(i.vListInsertEnd)
    vPortEnterCritical                       0x08005081   Thumb Code    54  port.o(i.vPortEnterCritical)
    vPortExitCritical                        0x080050c1   Thumb Code    34  port.o(i.vPortExitCritical)
    vPortFree                                0x080050e9   Thumb Code    88  heap_4.o(i.vPortFree)
    vPortSetupTimerInterrupt                 0x08005145   Thumb Code    26  port.o(i.vPortSetupTimerInterrupt)
    vPortValidateInterruptPriority           0x08005165   Thumb Code    74  port.o(i.vPortValidateInterruptPriority)
    vTaskDelay                               0x080051b9   Thumb Code    66  tasks.o(i.vTaskDelay)
    vTaskMissedYield                         0x08005205   Thumb Code     8  tasks.o(i.vTaskMissedYield)
    vTaskPlaceOnEventList                    0x08005211   Thumb Code    44  tasks.o(i.vTaskPlaceOnEventList)
    vTaskPriorityInherit                     0x08005241   Thumb Code   124  tasks.o(i.vTaskPriorityInherit)
    vTaskSetTimeOutState                     0x080052c5   Thumb Code    30  tasks.o(i.vTaskSetTimeOutState)
    vTaskStartScheduler                      0x080052e9   Thumb Code    88  tasks.o(i.vTaskStartScheduler)
    vTaskSuspendAll                          0x08005351   Thumb Code    10  tasks.o(i.vTaskSuspendAll)
    vTaskSwitchContext                       0x08005361   Thumb Code    82  tasks.o(i.vTaskSwitchContext)
    xPortStartScheduler                      0x080053bd   Thumb Code   202  port.o(i.xPortStartScheduler)
    xPortSysTickHandler                      0x0800549d   Thumb Code    38  port.o(i.xPortSysTickHandler)
    xQueueCreateMutex                        0x080054c9   Thumb Code    36  queue.o(i.xQueueCreateMutex)
    xQueueGenericCreate                      0x080054ed   Thumb Code    72  queue.o(i.xQueueGenericCreate)
    xQueueGenericReceive                     0x08005535   Thumb Code   360  queue.o(i.xQueueGenericReceive)
    xQueueGenericReset                       0x080056a9   Thumb Code   132  queue.o(i.xQueueGenericReset)
    xQueueGenericSend                        0x08005731   Thumb Code   346  queue.o(i.xQueueGenericSend)
    xQueueGenericSendFromISR                 0x08005891   Thumb Code   188  queue.o(i.xQueueGenericSendFromISR)
    xQueueReceiveFromISR                     0x0800594d   Thumb Code   154  queue.o(i.xQueueReceiveFromISR)
    xTaskCheckForTimeOut                     0x080059e9   Thumb Code   102  tasks.o(i.xTaskCheckForTimeOut)
    xTaskCreate                              0x08005a55   Thumb Code    86  tasks.o(i.xTaskCreate)
    xTaskGetSchedulerState                   0x08005ab1   Thumb Code    22  tasks.o(i.xTaskGetSchedulerState)
    xTaskIncrementTick                       0x08005acd   Thumb Code   192  tasks.o(i.xTaskIncrementTick)
    xTaskPriorityDisinherit                  0x08005b95   Thumb Code   144  tasks.o(i.xTaskPriorityDisinherit)
    xTaskRemoveFromEventList                 0x08005c2d   Thumb Code   108  tasks.o(i.xTaskRemoveFromEventList)
    xTaskResumeAll                           0x08005ca1   Thumb Code   182  tasks.o(i.xTaskResumeAll)
    AHBPrescTable                            0x08005d64   Data          16  system_stm32l4xx.o(.constdata)
    MSIRangeTable                            0x08005d74   Data          48  system_stm32l4xx.o(.constdata)
    APBPrescTable                            0x08005da4   Data           8  system_stm32l4xx.o(.constdata)
    Region$$Table$$Base                      0x08005df8   Number         0  anon$$obj.o(Region$$Table)
    Region$$Table$$Limit                     0x08005e18   Number         0  anon$$obj.o(Region$$Table)
    SystemCoreClock                          0x20000000   Data           4  system_stm32l4xx.o(.data)
    CDC_Class                                0x20000004   Data          32  usbh_cdc.o(.data)
    uwTick                                   0x20000024   Data           4  stm32l4xx_hal.o(.data)
    pxCurrentTCB                             0x20000028   Data           4  tasks.o(.data)
    defaultTaskHandle                        0x20000088   Data           4  freertos.o(.data)
    idle_timer                               0x2000008c   Data           4  main.o(.data)
    HAL_mutex                                0x20000090   Data           4  main.o(.data)
    Appli_state                              0x20000094   Data           1  usb_host.o(.data)
    __microlib_freelist                      0x20000098   Data           4  mvars.o(.data)
    __microlib_freelist_initialised          0x2000009c   Data           4  mvars.o(.data)
    htim5                                    0x200028a0   Data          64  stm32l4xx_hal_timebase_tim.o(.bss)
    thread_handles                           0x200028e0   Data          20  main.o(.bss)
    id                                       0x200028f4   Data          20  main.o(.bss)
    name                                     0x20002908   Data          50  main.o(.bss)
    err_msg                                  0x2000293a   Data         100  main.o(.bss)
    hi2c1                                    0x200029a0   Data          76  i2c.o(.bss)
    hi2c2                                    0x200029ec   Data          76  i2c.o(.bss)
    hhcd_USB_OTG_FS                          0x20002a38   Data         664  usbh_conf.o(.bss)
    huart2                                   0x20002cd0   Data         120  usart.o(.bss)
    hUsbHostFS                               0x20002d48   Data         976  usb_host.o(.bss)
    hrng                                     0x20003118   Data          12  rng.o(.bss)
    __heap_base                              0x20003128   Data           0  startup_stm32l476xx.o(HEAP)
    __heap_limit                             0x20003328   Data           0  startup_stm32l476xx.o(HEAP)
    __initial_sp                             0x20003728   Data           0  startup_stm32l476xx.o(STACK)



==============================================================================

Memory Map of the image

  Image Entry point : 0x08000189

  Load Region LR_IROM1 (Base: 0x08000000, Size: 0x00005eb8, Max: 0x00100000, ABSOLUTE)

    Execution Region ER_IROM1 (Exec base: 0x08000000, Load base: 0x08000000, Size: 0x00005e18, Max: 0x00100000, ABSOLUTE)

    Exec Addr    Load Addr    Size         Type   Attr      Idx    E Section Name        Object

    0x08000000   0x08000000   0x00000188   Data   RO            3    RESET               startup_stm32l476xx.o
    0x08000188   0x08000188   0x00000000   Code   RO         6886  * .ARM.Collect$$$$00000000  mc_w.l(entry.o)
    0x08000188   0x08000188   0x00000004   Code   RO         7186    .ARM.Collect$$$$00000001  mc_w.l(entry2.o)
    0x0800018c   0x0800018c   0x00000004   Code   RO         7189    .ARM.Collect$$$$00000004  mc_w.l(entry5.o)
    0x08000190   0x08000190   0x00000000   Code   RO         7191    .ARM.Collect$$$$00000008  mc_w.l(entry7b.o)
    0x08000190   0x08000190   0x00000000   Code   RO         7193    .ARM.Collect$$$$0000000A  mc_w.l(entry8b.o)
    0x08000190   0x08000190   0x00000008   Code   RO         7194    .ARM.Collect$$$$0000000B  mc_w.l(entry9a.o)
    0x08000198   0x08000198   0x00000000   Code   RO         7196    .ARM.Collect$$$$0000000D  mc_w.l(entry10a.o)
    0x08000198   0x08000198   0x00000000   Code   RO         7198    .ARM.Collect$$$$0000000F  mc_w.l(entry11a.o)
    0x08000198   0x08000198   0x00000004   Code   RO         7187    .ARM.Collect$$$$00002712  mc_w.l(entry2.o)
    0x0800019c   0x0800019c   0x000000da   Code   RO         5505    .emb_text           port.o
    0x08000276   0x08000276   0x00000002   PAD
    0x08000278   0x08000278   0x00000024   Code   RO            4    .text               startup_stm32l476xx.o
    0x0800029c   0x0800029c   0x00000068   Code   RO         6889    .text               mc_w.l(uldiv.o)
    0x08000304   0x08000304   0x00000024   Code   RO         6891    .text               mc_w.l(memcpya.o)
    0x08000328   0x08000328   0x0000000e   Code   RO         6893    .text               mc_w.l(strlen.o)
    0x08000336   0x08000336   0x0000002c   Code   RO         7203    .text               mc_w.l(uidiv.o)
    0x08000362   0x08000362   0x0000001e   Code   RO         7205    .text               mc_w.l(llshl.o)
    0x08000380   0x08000380   0x00000020   Code   RO         7207    .text               mc_w.l(llushr.o)
    0x080003a0   0x080003a0   0x00000024   Code   RO         7222    .text               mc_w.l(init.o)
    0x080003c4   0x080003c4   0x0000007a   Code   RO          171    i.CDC_ProcessReception  usbh_cdc.o
    0x0800043e   0x0800043e   0x00000080   Code   RO          172    i.CDC_ProcessTransmission  usbh_cdc.o
    0x080004be   0x080004be   0x00000002   PAD
    0x080004c0   0x080004c0   0x00000048   Code   RO          566    i.DeInitStateMachine  usbh_core.o
    0x08000508   0x08000508   0x00000016   Code   RO          173    i.GetLineCoding     usbh_cdc.o
    0x0800051e   0x0800051e   0x0000001c   Code   RO         1110    i.HAL_Delay         stm32l4xx_hal.o
    0x0800053a   0x0800053a   0x00000002   PAD
    0x0800053c   0x0800053c   0x000001ca   Code   RO          699    i.HAL_GPIO_Init     stm32l4xx_hal_gpio.o
    0x08000706   0x08000706   0x0000000a   Code   RO          703    i.HAL_GPIO_WritePin  stm32l4xx_hal_gpio.o
    0x08000710   0x08000710   0x0000000c   Code   RO         1114    i.HAL_GetTick       stm32l4xx_hal.o
    0x0800071c   0x0800071c   0x00000008   Code   RO         6510    i.HAL_HCD_Connect_Callback  usbh_conf.o
    0x08000724   0x08000724   0x00000008   Code   RO         6511    i.HAL_HCD_Disconnect_Callback  usbh_conf.o
    0x0800072c   0x0800072c   0x00000006   Code   RO         3787    i.HAL_HCD_GetCurrentFrame  stm32l4xx_hal_hcd.o
    0x08000732   0x08000732   0x00000006   Code   RO         3788    i.HAL_HCD_GetCurrentSpeed  stm32l4xx_hal_hcd.o
    0x08000738   0x08000738   0x0000000e   Code   RO         3791    i.HAL_HCD_HC_GetURBState  stm32l4xx_hal_hcd.o
    0x08000746   0x08000746   0x0000000c   Code   RO         3792    i.HAL_HCD_HC_GetXferCount  stm32l4xx_hal_hcd.o
    0x08000752   0x08000752   0x00000024   Code   RO         3793    i.HAL_HCD_HC_Halt   stm32l4xx_hal_hcd.o
    0x08000776   0x08000776   0x00000054   Code   RO         3794    i.HAL_HCD_HC_Init   stm32l4xx_hal_hcd.o
    0x080007ca   0x080007ca   0x00000008   Code   RO         6512    i.HAL_HCD_HC_NotifyURBChange_Callback  usbh_conf.o
    0x080007d2   0x080007d2   0x000000b6   Code   RO         3796    i.HAL_HCD_HC_SubmitRequest  stm32l4xx_hal_hcd.o
    0x08000888   0x08000888   0x0000012e   Code   RO         3797    i.HAL_HCD_IRQHandler  stm32l4xx_hal_hcd.o
    0x080009b6   0x080009b6   0x00000068   Code   RO         3798    i.HAL_HCD_Init      stm32l4xx_hal_hcd.o
    0x08000a1e   0x08000a1e   0x00000002   PAD
    0x08000a20   0x08000a20   0x00000080   Code   RO         6514    i.HAL_HCD_MspInit   usbh_conf.o
    0x08000aa0   0x08000aa0   0x00000006   Code   RO         3801    i.HAL_HCD_ResetPort  stm32l4xx_hal_hcd.o
    0x08000aa6   0x08000aa6   0x00000008   Code   RO         6515    i.HAL_HCD_SOF_Callback  usbh_conf.o
    0x08000aae   0x08000aae   0x0000002c   Code   RO         3803    i.HAL_HCD_Start     stm32l4xx_hal_hcd.o
    0x08000ada   0x08000ada   0x00000024   Code   RO         3804    i.HAL_HCD_Stop      stm32l4xx_hal_hcd.o
    0x08000afe   0x08000afe   0x00000056   Code   RO         3730    i.HAL_I2CEx_ConfigAnalogFilter  stm32l4xx_hal_i2c_ex.o
    0x08000b54   0x08000b54   0x00000052   Code   RO         3731    i.HAL_I2CEx_ConfigDigitalFilter  stm32l4xx_hal_i2c_ex.o
    0x08000ba6   0x08000ba6   0x00000002   PAD
    0x08000ba8   0x08000ba8   0x000000b8   Code   RO         1327    i.HAL_I2C_Init      stm32l4xx_hal_i2c.o
    0x08000c60   0x08000c60   0x0000006c   Code   RO         6463    i.HAL_I2C_MspInit   i2c.o
    0x08000ccc   0x08000ccc   0x00000010   Code   RO         1118    i.HAL_IncTick       stm32l4xx_hal.o
    0x08000cdc   0x08000cdc   0x00000024   Code   RO         1119    i.HAL_Init          stm32l4xx_hal.o
    0x08000d00   0x08000d00   0x00000074   Code   RO         6283    i.HAL_InitTick      stm32l4xx_hal_timebase_tim.o
    0x08000d74   0x08000d74   0x00000080   Code   RO         6438    i.HAL_MspInit       stm32l4xx_hal_msp.o
    0x08000df4   0x08000df4   0x00000016   Code   RO         2130    i.HAL_NVIC_EnableIRQ  stm32l4xx_hal_cortex.o
    0x08000e0a   0x08000e0a   0x00000002   PAD
    0x08000e0c   0x08000e0c   0x00000040   Code   RO         2136    i.HAL_NVIC_SetPriority  stm32l4xx_hal_cortex.o
    0x08000e4c   0x08000e4c   0x00000024   Code   RO         2137    i.HAL_NVIC_SetPriorityGrouping  stm32l4xx_hal_cortex.o
    0x08000e70   0x08000e70   0x00000064   Code   RO          858    i.HAL_PWREx_ControlVoltageScaling  stm32l4xx_hal_pwr_ex.o
    0x08000ed4   0x08000ed4   0x00000010   Code   RO          884    i.HAL_PWREx_EnableVddUSB  stm32l4xx_hal_pwr_ex.o
    0x08000ee4   0x08000ee4   0x00000010   Code   RO          889    i.HAL_PWREx_GetVoltageRange  stm32l4xx_hal_pwr_ex.o
    0x08000ef4   0x08000ef4   0x00000010   Code   RO         2376    i.HAL_RCCEx_EnableMSIPLLMode  stm32l4xx_hal_rcc_ex.o
    0x08000f04   0x08000f04   0x000003ae   Code   RO         2383    i.HAL_RCCEx_PeriphCLKConfig  stm32l4xx_hal_rcc_ex.o
    0x080012b2   0x080012b2   0x00000002   PAD
    0x080012b4   0x080012b4   0x00000178   Code   RO         2955    i.HAL_RCC_ClockConfig  stm32l4xx_hal_rcc.o
    0x0800142c   0x0800142c   0x00000040   Code   RO         2958    i.HAL_RCC_GetClockConfig  stm32l4xx_hal_rcc.o
    0x0800146c   0x0800146c   0x0000000c   Code   RO         2959    i.HAL_RCC_GetHCLKFreq  stm32l4xx_hal_rcc.o
    0x08001478   0x08001478   0x00000020   Code   RO         2961    i.HAL_RCC_GetPCLK1Freq  stm32l4xx_hal_rcc.o
    0x08001498   0x08001498   0x00000020   Code   RO         2962    i.HAL_RCC_GetPCLK2Freq  stm32l4xx_hal_rcc.o
    0x080014b8   0x080014b8   0x000000c4   Code   RO         2963    i.HAL_RCC_GetSysClockFreq  stm32l4xx_hal_rcc.o
    0x0800157c   0x0800157c   0x00000468   Code   RO         2966    i.HAL_RCC_OscConfig  stm32l4xx_hal_rcc.o
    0x080019e4   0x080019e4   0x00000030   Code   RO         4975    i.HAL_RNG_Init      stm32l4xx_hal_rng.o
    0x08001a14   0x08001a14   0x00000028   Code   RO         6848    i.HAL_RNG_MspInit   rng.o
    0x08001a3c   0x08001a3c   0x00000018   Code   RO         2139    i.HAL_SYSTICK_CLKSourceConfig  stm32l4xx_hal_cortex.o
    0x08001a54   0x08001a54   0x00000028   Code   RO         2141    i.HAL_SYSTICK_Config  stm32l4xx_hal_cortex.o
    0x08001a7c   0x08001a7c   0x00000002   Code   RO         4716    i.HAL_TIMEx_BreakCallback  stm32l4xx_hal_tim_ex.o
    0x08001a7e   0x08001a7e   0x00000002   Code   RO         4717    i.HAL_TIMEx_CommutationCallback  stm32l4xx_hal_tim_ex.o
    0x08001a80   0x08001a80   0x00000036   Code   RO         3950    i.HAL_TIM_Base_Init  stm32l4xx_hal_tim.o
    0x08001ab6   0x08001ab6   0x00000002   Code   RO         3952    i.HAL_TIM_Base_MspInit  stm32l4xx_hal_tim.o
    0x08001ab8   0x08001ab8   0x00000018   Code   RO         3955    i.HAL_TIM_Base_Start_IT  stm32l4xx_hal_tim.o
    0x08001ad0   0x08001ad0   0x00000002   Code   RO         3979    i.HAL_TIM_IC_CaptureCallback  stm32l4xx_hal_tim.o
    0x08001ad2   0x08001ad2   0x00000166   Code   RO         3992    i.HAL_TIM_IRQHandler  stm32l4xx_hal_tim.o
    0x08001c38   0x08001c38   0x00000002   Code   RO         3995    i.HAL_TIM_OC_DelayElapsedCallback  stm32l4xx_hal_tim.o
    0x08001c3a   0x08001c3a   0x00000002   Code   RO         4022    i.HAL_TIM_PWM_PulseFinishedCallback  stm32l4xx_hal_tim.o
    0x08001c3c   0x08001c3c   0x00000014   Code   RO         6323    i.HAL_TIM_PeriodElapsedCallback  main.o
    0x08001c50   0x08001c50   0x00000002   Code   RO         4033    i.HAL_TIM_TriggerCallback  stm32l4xx_hal_tim.o
    0x08001c52   0x08001c52   0x0000006a   Code   RO         3376    i.HAL_UART_Init     stm32l4xx_hal_uart.o
    0x08001cbc   0x08001cbc   0x0000004c   Code   RO         6769    i.HAL_UART_MspInit  usart.o
    0x08001d08   0x08001d08   0x000000b0   Code   RO         3384    i.HAL_UART_Transmit  stm32l4xx_hal_uart.o
    0x08001db8   0x08001db8   0x00000240   Code   RO         3805    i.HCD_HC_IN_IRQHandler  stm32l4xx_hal_hcd.o
    0x08001ff8   0x08001ff8   0x0000022c   Code   RO         3806    i.HCD_HC_OUT_IRQHandler  stm32l4xx_hal_hcd.o
    0x08002224   0x08002224   0x000000b0   Code   RO         3807    i.HCD_Port_IRQHandler  stm32l4xx_hal_hcd.o
    0x080022d4   0x080022d4   0x00000070   Code   RO         3808    i.HCD_RXQLVL_IRQHandler  stm32l4xx_hal_hcd.o
    0x08002344   0x08002344   0x00000018   Code   RO         6744    i.MX_DriverVbusFS   usbh_platform.o
    0x0800235c   0x0800235c   0x00000028   Code   RO         6145    i.MX_FREERTOS_Init  freertos.o
    0x08002384   0x08002384   0x000001f2   Code   RO         6259    i.MX_GPIO_Init      gpio.o
    0x08002576   0x08002576   0x00000002   PAD
    0x08002578   0x08002578   0x00000074   Code   RO         6464    i.MX_I2C1_Init      i2c.o
    0x080025ec   0x080025ec   0x00000038   Code   RO         6849    i.MX_RNG_Init       rng.o
    0x08002624   0x08002624   0x00000050   Code   RO         6770    i.MX_USART2_UART_Init  usart.o
    0x08002674   0x08002674   0x0000002c   Code   RO         6810    i.MX_USB_HOST_Init  usb_host.o
    0x080026a0   0x080026a0   0x00000020   Code   RO         2143    i.NVIC_SetPriority  stm32l4xx_hal_cortex.o
    0x080026c0   0x080026c0   0x0000000c   Code   RO         6216    i.OTG_FS_IRQHandler  stm32l4xx_it.o
    0x080026cc   0x080026cc   0x0000012c   Code   RO         2386    i.RCCEx_PLLSAI1_Config  stm32l4xx_hal_rcc_ex.o
    0x080027f8   0x080027f8   0x00000108   Code   RO         2387    i.RCCEx_PLLSAI2_Config  stm32l4xx_hal_rcc_ex.o
    0x08002900   0x08002900   0x0000007c   Code   RO         2967    i.RCC_SetFlashLatencyFromMSIRange  stm32l4xx_hal_rcc.o
    0x0800297c   0x0800297c   0x0000000c   Code   RO         6146    i.StartDefaultTask  freertos.o
    0x08002988   0x08002988   0x00000004   Code   RO         6217    i.SysTick_Handler   stm32l4xx_it.o
    0x0800298c   0x0800298c   0x000000e8   Code   RO         6324    i.SystemClock_Config  main.o
    0x08002a74   0x08002a74   0x00000044   Code   RO           14    i.SystemInit        system_stm32l4xx.o
    0x08002ab8   0x08002ab8   0x0000000c   Code   RO         6218    i.TIM5_IRQHandler   stm32l4xx_it.o
    0x08002ac4   0x08002ac4   0x000000c0   Code   RO         4034    i.TIM_Base_SetConfig  stm32l4xx_hal_tim.o
    0x08002b84   0x08002b84   0x000000c8   Code   RO         3389    i.UART_AdvFeatureConfig  stm32l4xx_hal_uart.o
    0x08002c4c   0x08002c4c   0x0000005c   Code   RO         3390    i.UART_CheckIdleState  stm32l4xx_hal_uart.o
    0x08002ca8   0x08002ca8   0x000002a0   Code   RO         3405    i.UART_SetConfig    stm32l4xx_hal_uart.o
    0x08002f48   0x08002f48   0x00000064   Code   RO         3408    i.UART_WaitOnFlagUntilTimeout  stm32l4xx_hal_uart.o
    0x08002fac   0x08002fac   0x00000034   Code   RO          452    i.USBH_AllocPipe    usbh_pipes.o
    0x08002fe0   0x08002fe0   0x00000020   Code   RO          494    i.USBH_BulkReceiveData  usbh_ioreq.o
    0x08003000   0x08003000   0x00000028   Code   RO          495    i.USBH_BulkSendData  usbh_ioreq.o
    0x08003028   0x08003028   0x00000024   Code   RO          174    i.USBH_CDC_ClassRequest  usbh_cdc.o
    0x0800304c   0x0800304c   0x0000005e   Code   RO          177    i.USBH_CDC_InterfaceDeInit  usbh_cdc.o
    0x080030aa   0x080030aa   0x00000134   Code   RO          178    i.USBH_CDC_InterfaceInit  usbh_cdc.o
    0x080031de   0x080031de   0x00000002   Code   RO          179    i.USBH_CDC_LineCodingChanged  usbh_cdc.o
    0x080031e0   0x080031e0   0x000000b8   Code   RO          180    i.USBH_CDC_Process  usbh_cdc.o
    0x08003298   0x08003298   0x00000002   Code   RO          182    i.USBH_CDC_ReceiveCallback  usbh_cdc.o
    0x0800329a   0x0800329a   0x00000004   Code   RO          183    i.USBH_CDC_SOFProcess  usbh_cdc.o
    0x0800329e   0x0800329e   0x00000002   Code   RO          187    i.USBH_CDC_TransmitCallback  usbh_cdc.o
    0x080032a0   0x080032a0   0x0000000a   Code   RO          453    i.USBH_ClosePipe    usbh_pipes.o
    0x080032aa   0x080032aa   0x0000001e   Code   RO          364    i.USBH_ClrFeature   usbh_ctlreq.o
    0x080032c8   0x080032c8   0x0000001e   Code   RO          496    i.USBH_CtlReceiveData  usbh_ioreq.o
    0x080032e6   0x080032e6   0x0000004a   Code   RO          365    i.USBH_CtlReq       usbh_ctlreq.o
    0x08003330   0x08003330   0x00000028   Code   RO          497    i.USBH_CtlSendData  usbh_ioreq.o
    0x08003358   0x08003358   0x0000001e   Code   RO          498    i.USBH_CtlSendSetup  usbh_ioreq.o
    0x08003376   0x08003376   0x00000004   Code   RO         6516    i.USBH_Delay        usbh_conf.o
    0x0800337a   0x0800337a   0x00000044   Code   RO          568    i.USBH_FindInterface  usbh_core.o
    0x080033be   0x080033be   0x00000018   Code   RO          454    i.USBH_FreePipe     usbh_pipes.o
    0x080033d6   0x080033d6   0x00000034   Code   RO          366    i.USBH_GetDescriptor  usbh_ctlreq.o
    0x0800340a   0x0800340a   0x0000000e   Code   RO          367    i.USBH_GetNextDesc  usbh_ctlreq.o
    0x08003418   0x08003418   0x0000002c   Code   RO          368    i.USBH_Get_CfgDesc  usbh_ctlreq.o
    0x08003444   0x08003444   0x0000009a   Code   RO          369    i.USBH_Get_DevDesc  usbh_ctlreq.o
    0x080034de   0x080034de   0x00000048   Code   RO          370    i.USBH_Get_StringDesc  usbh_ctlreq.o
    0x08003526   0x08003526   0x00000192   Code   RO          371    i.USBH_HandleControl  usbh_ctlreq.o
    0x080036b8   0x080036b8   0x00000116   Code   RO          571    i.USBH_HandleEnum   usbh_core.o
    0x080037ce   0x080037ce   0x00000002   PAD
    0x080037d0   0x080037d0   0x00000068   Code   RO          572    i.USBH_Init         usbh_core.o
    0x08003838   0x08003838   0x00000020   Code   RO         6517    i.USBH_LL_ClosePipe  usbh_conf.o
    0x08003858   0x08003858   0x00000038   Code   RO          573    i.USBH_LL_Connect   usbh_core.o
    0x08003890   0x08003890   0x00000044   Code   RO          574    i.USBH_LL_Disconnect  usbh_core.o
    0x080038d4   0x080038d4   0x0000001a   Code   RO         6519    i.USBH_LL_DriverVBUS  usbh_conf.o
    0x080038ee   0x080038ee   0x00000008   Code   RO         6520    i.USBH_LL_GetLastXferSize  usbh_conf.o
    0x080038f6   0x080038f6   0x00000022   Code   RO         6521    i.USBH_LL_GetSpeed  usbh_conf.o
    0x08003918   0x08003918   0x00000008   Code   RO         6523    i.USBH_LL_GetURBState  usbh_conf.o
    0x08003920   0x08003920   0x0000001e   Code   RO          575    i.USBH_LL_IncTimer  usbh_core.o
    0x0800393e   0x0800393e   0x00000002   PAD
    0x08003940   0x08003940   0x00000068   Code   RO         6524    i.USBH_LL_Init      usbh_conf.o
    0x080039a8   0x080039a8   0x00000012   Code   RO          576    i.USBH_LL_NotifyURBChange  usbh_core.o
    0x080039ba   0x080039ba   0x0000002a   Code   RO         6525    i.USBH_LL_OpenPipe  usbh_conf.o
    0x080039e4   0x080039e4   0x00000020   Code   RO         6526    i.USBH_LL_ResetPort  usbh_conf.o
    0x08003a04   0x08003a04   0x00000006   Code   RO          577    i.USBH_LL_SetTimer  usbh_core.o
    0x08003a0a   0x08003a0a   0x00000020   Code   RO         6527    i.USBH_LL_SetToggle  usbh_conf.o
    0x08003a2a   0x08003a2a   0x00000020   Code   RO         6528    i.USBH_LL_Start     usbh_conf.o
    0x08003a4a   0x08003a4a   0x00000020   Code   RO         6529    i.USBH_LL_Stop      usbh_conf.o
    0x08003a6a   0x08003a6a   0x00000030   Code   RO         6530    i.USBH_LL_SubmitURB  usbh_conf.o
    0x08003a9a   0x08003a9a   0x00000014   Code   RO          455    i.USBH_OpenPipe     usbh_pipes.o
    0x08003aae   0x08003aae   0x000000e8   Code   RO          372    i.USBH_ParseCfgDesc  usbh_ctlreq.o
    0x08003b96   0x08003b96   0x00000180   Code   RO          578    i.USBH_Process      usbh_core.o
    0x08003d16   0x08003d16   0x00000022   Code   RO          579    i.USBH_Process_OS   usbh_core.o
    0x08003d38   0x08003d38   0x0000001c   Code   RO          581    i.USBH_RegisterClass  usbh_core.o
    0x08003d54   0x08003d54   0x00000016   Code   RO          582    i.USBH_SelectInterface  usbh_core.o
    0x08003d6a   0x08003d6a   0x0000001c   Code   RO          373    i.USBH_SetAddress   usbh_ctlreq.o
    0x08003d86   0x08003d86   0x0000001c   Code   RO          374    i.USBH_SetCfg       usbh_ctlreq.o
    0x08003da2   0x08003da2   0x00000014   Code   RO          583    i.USBH_Start        usbh_core.o
    0x08003db6   0x08003db6   0x00000002   PAD
    0x08003db8   0x08003db8   0x00000020   Code   RO         6811    i.USBH_UserProcess  usb_host.o
    0x08003dd8   0x08003dd8   0x0000001c   Code   RO         3060    i.USB_CoreInit      stm32l4xx_ll_usb.o
    0x08003df4   0x08003df4   0x0000004c   Code   RO         3061    i.USB_CoreReset     stm32l4xx_ll_usb.o
    0x08003e40   0x08003e40   0x0000000c   Code   RO         3068    i.USB_DisableGlobalInt  stm32l4xx_ll_usb.o
    0x08003e4c   0x08003e4c   0x0000002c   Code   RO         3070    i.USB_DriveVbus     stm32l4xx_ll_usb.o
    0x08003e78   0x08003e78   0x0000000c   Code   RO         3076    i.USB_EnableGlobalInt  stm32l4xx_ll_usb.o
    0x08003e84   0x08003e84   0x00000020   Code   RO         3077    i.USB_FlushRxFifo   stm32l4xx_ll_usb.o
    0x08003ea4   0x08003ea4   0x00000024   Code   RO         3078    i.USB_FlushTxFifo   stm32l4xx_ll_usb.o
    0x08003ec8   0x08003ec8   0x00000008   Code   RO         3079    i.USB_GetCurrentFrame  stm32l4xx_ll_usb.o
    0x08003ed0   0x08003ed0   0x0000000e   Code   RO         3081    i.USB_GetHostSpeed  stm32l4xx_ll_usb.o
    0x08003ede   0x08003ede   0x00000008   Code   RO         3082    i.USB_GetMode       stm32l4xx_ll_usb.o
    0x08003ee6   0x08003ee6   0x00000178   Code   RO         3083    i.USB_HC_Halt       stm32l4xx_ll_usb.o
    0x0800405e   0x0800405e   0x00000002   PAD
    0x08004060   0x08004060   0x000000d2   Code   RO         3084    i.USB_HC_Init       stm32l4xx_ll_usb.o
    0x08004132   0x08004132   0x0000000c   Code   RO         3085    i.USB_HC_ReadInterrupt  stm32l4xx_ll_usb.o
    0x0800413e   0x0800413e   0x00000002   PAD
    0x08004140   0x08004140   0x0000014e   Code   RO         3086    i.USB_HC_StartXfer  stm32l4xx_ll_usb.o
    0x0800428e   0x0800428e   0x00000002   PAD
    0x08004290   0x08004290   0x000000a4   Code   RO         3087    i.USB_HostInit      stm32l4xx_ll_usb.o
    0x08004334   0x08004334   0x00000036   Code   RO         3088    i.USB_InitFSLSPClkSel  stm32l4xx_ll_usb.o
    0x0800436a   0x0800436a   0x00000008   Code   RO         3093    i.USB_ReadInterrupts  stm32l4xx_ll_usb.o
    0x08004372   0x08004372   0x00000020   Code   RO         3094    i.USB_ReadPacket    stm32l4xx_ll_usb.o
    0x08004392   0x08004392   0x0000002c   Code   RO         3095    i.USB_ResetPort     stm32l4xx_ll_usb.o
    0x080043be   0x080043be   0x0000002c   Code   RO         3096    i.USB_SetCurrentMode  stm32l4xx_ll_usb.o
    0x080043ea   0x080043ea   0x000000be   Code   RO         3100    i.USB_StopHost      stm32l4xx_ll_usb.o
    0x080044a8   0x080044a8   0x00000024   Code   RO         3101    i.USB_WritePacket   stm32l4xx_ll_usb.o
    0x080044cc   0x080044cc   0x0000003c   Code   RO         6327    i._Error_Handler    main.o
    0x08004508   0x08004508   0x00000028   Code   RO         6988    i.__0sprintf$3      mc_w.l(printf3.o)
    0x08004530   0x08004530   0x0000000e   Code   RO         7232    i.__scatterload_copy  mc_w.l(handlers.o)
    0x0800453e   0x0800453e   0x00000002   Code   RO         7233    i.__scatterload_null  mc_w.l(handlers.o)
    0x08004540   0x08004540   0x0000000e   Code   RO         7234    i.__scatterload_zeroinit  mc_w.l(handlers.o)
    0x0800454e   0x0800454e   0x00000002   PAD
    0x08004550   0x08004550   0x000001be   Code   RO         6993    i._printf_core      mc_w.l(printf3.o)
    0x0800470e   0x0800470e   0x0000000a   Code   RO         6995    i._sputc            mc_w.l(printf3.o)
    0x08004718   0x08004718   0x00000050   Code   RO         7158    i.free              mc_w.l(malloc.o)
    0x08004768   0x08004768   0x0000000c   Code   RO         5702    i.inHandlerMode     cmsis_os.o
    0x08004774   0x08004774   0x0000002c   Code   RO         6328    i.main              main.o
    0x080047a0   0x080047a0   0x0000000c   Code   RO         5704    i.makeFreeRtosPriority  cmsis_os.o
    0x080047ac   0x080047ac   0x0000006c   Code   RO         7159    i.malloc            mc_w.l(malloc.o)
    0x08004818   0x08004818   0x0000000e   Code   RO         5706    i.osDelay           cmsis_os.o
    0x08004826   0x08004826   0x0000000a   Code   RO         5709    i.osKernelStart     cmsis_os.o
    0x08004830   0x08004830   0x00000008   Code   RO         5718    i.osMessageCreate   cmsis_os.o
    0x08004838   0x08004838   0x0000009e   Code   RO         5720    i.osMessageGet      cmsis_os.o
    0x080048d6   0x080048d6   0x00000002   PAD
    0x080048d8   0x080048d8   0x0000005c   Code   RO         5722    i.osMessagePut      cmsis_os.o
    0x08004934   0x08004934   0x00000014   Code   RO         5742    i.osSystickHandler  cmsis_os.o
    0x08004948   0x08004948   0x0000002e   Code   RO         5743    i.osThreadCreate    cmsis_os.o
    0x08004976   0x08004976   0x00000002   PAD
    0x08004978   0x08004978   0x00000070   Code   RO         5061    i.prvAddCurrentTaskToDelayedList  tasks.o
    0x080049e8   0x080049e8   0x000000d0   Code   RO         5062    i.prvAddNewTaskToReadyList  tasks.o
    0x08004ab8   0x08004ab8   0x00000050   Code   RO         5063    i.prvCheckTasksWaitingTermination  tasks.o
    0x08004b08   0x08004b08   0x00000026   Code   RO         5369    i.prvCopyDataFromQueue  queue.o
    0x08004b2e   0x08004b2e   0x0000006c   Code   RO         5370    i.prvCopyDataToQueue  queue.o
    0x08004b9a   0x08004b9a   0x00000014   Code   RO         5064    i.prvDeleteTCB      tasks.o
    0x08004bae   0x08004bae   0x00000002   PAD
    0x08004bb0   0x08004bb0   0x00000048   Code   RO         5624    i.prvHeapInit       heap_4.o
    0x08004bf8   0x08004bf8   0x0000002c   Code   RO         5065    i.prvIdleTask       tasks.o
    0x08004c24   0x08004c24   0x0000008e   Code   RO         5066    i.prvInitialiseNewTask  tasks.o
    0x08004cb2   0x08004cb2   0x00000002   PAD
    0x08004cb4   0x08004cb4   0x0000004c   Code   RO         5625    i.prvInsertBlockIntoFreeList  heap_4.o
    0x08004d00   0x08004d00   0x0000001c   Code   RO         5371    i.prvIsQueueEmpty   queue.o
    0x08004d1c   0x08004d1c   0x00000020   Code   RO         5067    i.prvResetNextTaskUnblockTime  tasks.o
    0x08004d3c   0x08004d3c   0x00000028   Code   RO         5506    i.prvTaskExitError  port.o
    0x08004d64   0x08004d64   0x0000006a   Code   RO         5372    i.prvUnlockQueue    queue.o
    0x08004dce   0x08004dce   0x00000002   PAD
    0x08004dd0   0x08004dd0   0x000000d8   Code   RO         5626    i.pvPortMalloc      heap_4.o
    0x08004ea8   0x08004ea8   0x00000018   Code   RO         5069    i.pvTaskIncrementMutexHeldCount  tasks.o
    0x08004ec0   0x08004ec0   0x0000002c   Code   RO         5507    i.pxPortInitialiseStack  port.o
    0x08004eec   0x08004eec   0x00000068   Code   RO         6329    i.thread            main.o
    0x08004f54   0x08004f54   0x00000092   Code   RO         6330    i.thread_init       main.o
    0x08004fe6   0x08004fe6   0x00000024   Code   RO         5588    i.uxListRemove      list.o
    0x0800500a   0x0800500a   0x00000002   PAD
    0x0800500c   0x0800500c   0x00000010   Code   RO         6331    i.vApplicationIdleHook  main.o
    0x0800501c   0x0800501c   0x00000016   Code   RO         5589    i.vListInitialise   list.o
    0x08005032   0x08005032   0x00000006   Code   RO         5590    i.vListInitialiseItem  list.o
    0x08005038   0x08005038   0x00000030   Code   RO         5591    i.vListInsert       list.o
    0x08005068   0x08005068   0x00000018   Code   RO         5592    i.vListInsertEnd    list.o
    0x08005080   0x08005080   0x00000040   Code   RO         5509    i.vPortEnterCritical  port.o
    0x080050c0   0x080050c0   0x00000028   Code   RO         5510    i.vPortExitCritical  port.o
    0x080050e8   0x080050e8   0x0000005c   Code   RO         5627    i.vPortFree         heap_4.o
    0x08005144   0x08005144   0x00000020   Code   RO         5511    i.vPortSetupTimerInterrupt  port.o
    0x08005164   0x08005164   0x00000054   Code   RO         5512    i.vPortValidateInterruptPriority  port.o
    0x080051b8   0x080051b8   0x0000004c   Code   RO         5075    i.vTaskDelay        tasks.o
    0x08005204   0x08005204   0x0000000c   Code   RO         5078    i.vTaskMissedYield  tasks.o
    0x08005210   0x08005210   0x00000030   Code   RO         5080    i.vTaskPlaceOnEventList  tasks.o
    0x08005240   0x08005240   0x00000084   Code   RO         5082    i.vTaskPriorityInherit  tasks.o
    0x080052c4   0x080052c4   0x00000024   Code   RO         5085    i.vTaskSetTimeOutState  tasks.o
    0x080052e8   0x080052e8   0x00000068   Code   RO         5086    i.vTaskStartScheduler  tasks.o
    0x08005350   0x08005350   0x00000010   Code   RO         5088    i.vTaskSuspendAll   tasks.o
    0x08005360   0x08005360   0x0000005c   Code   RO         5089    i.vTaskSwitchContext  tasks.o
    0x080053bc   0x080053bc   0x000000e0   Code   RO         5513    i.xPortStartScheduler  port.o
    0x0800549c   0x0800549c   0x0000002c   Code   RO         5514    i.xPortSysTickHandler  port.o
    0x080054c8   0x080054c8   0x00000024   Code   RO         5379    i.xQueueCreateMutex  queue.o
    0x080054ec   0x080054ec   0x00000048   Code   RO         5380    i.xQueueGenericCreate  queue.o
    0x08005534   0x08005534   0x00000172   Code   RO         5381    i.xQueueGenericReceive  queue.o
    0x080056a6   0x080056a6   0x00000002   PAD
    0x080056a8   0x080056a8   0x00000088   Code   RO         5382    i.xQueueGenericReset  queue.o
    0x08005730   0x08005730   0x00000160   Code   RO         5383    i.xQueueGenericSend  queue.o
    0x08005890   0x08005890   0x000000bc   Code   RO         5384    i.xQueueGenericSendFromISR  queue.o
    0x0800594c   0x0800594c   0x0000009a   Code   RO         5389    i.xQueueReceiveFromISR  queue.o
    0x080059e6   0x080059e6   0x00000002   PAD
    0x080059e8   0x080059e8   0x0000006c   Code   RO         5090    i.xTaskCheckForTimeOut  tasks.o
    0x08005a54   0x08005a54   0x0000005c   Code   RO         5091    i.xTaskCreate       tasks.o
    0x08005ab0   0x08005ab0   0x0000001c   Code   RO         5095    i.xTaskGetSchedulerState  tasks.o
    0x08005acc   0x08005acc   0x000000c8   Code   RO         5098    i.xTaskIncrementTick  tasks.o
    0x08005b94   0x08005b94   0x00000098   Code   RO         5101    i.xTaskPriorityDisinherit  tasks.o
    0x08005c2c   0x08005c2c   0x00000074   Code   RO         5102    i.xTaskRemoveFromEventList  tasks.o
    0x08005ca0   0x08005ca0   0x000000c4   Code   RO         5104    i.xTaskResumeAll    tasks.o
    0x08005d64   0x08005d64   0x00000040   Data   RO           15    .constdata          system_stm32l4xx.o
    0x08005da4   0x08005da4   0x00000008   Data   RO           16    .constdata          system_stm32l4xx.o
    0x08005dac   0x08005dac   0x0000001c   Data   RO          585    .constdata          usbh_core.o
    0x08005dc8   0x08005dc8   0x00000014   Data   RO         6147    .constdata          freertos.o
    0x08005ddc   0x08005ddc   0x00000004   Data   RO          188    .conststring        usbh_cdc.o
    0x08005de0   0x08005de0   0x0000000c   Data   RO          586    .conststring        usbh_core.o
    0x08005dec   0x08005dec   0x0000000c   Data   RO         6148    .conststring        freertos.o
    0x08005df8   0x08005df8   0x00000020   Data   RO         7230    Region$$Table       anon$$obj.o


    Execution Region RW_IRAM1 (Exec base: 0x20000000, Load base: 0x08005e18, Size: 0x00003728, Max: 0x00018000, ABSOLUTE)

    Exec Addr    Load Addr    Size         Type   Attr      Idx    E Section Name        Object

    0x20000000   0x08005e18   0x00000004   Data   RW           17    .data               system_stm32l4xx.o
    0x20000004   0x08005e1c   0x00000020   Data   RW          189    .data               usbh_cdc.o
    0x20000024   0x08005e3c   0x00000004   Data   RW         1135    .data               stm32l4xx_hal.o
    0x20000028   0x08005e40   0x0000003c   Data   RW         5107    .data               tasks.o
    0x20000064   0x08005e7c   0x0000000c   Data   RW         5515    .data               port.o
    0x20000070   0x08005e88   0x00000018   Data   RW         5632    .data               heap_4.o
    0x20000088   0x08005ea0   0x00000004   Data   RW         6149    .data               freertos.o
    0x2000008c   0x08005ea4   0x00000008   Data   RW         6333    .data               main.o
    0x20000094   0x08005eac   0x00000001   Data   RW         6813    .data               usb_host.o
    0x20000095   0x08005ead   0x00000003   PAD
    0x20000098   0x08005eb0   0x00000004   Data   RW         7209    .data               mc_w.l(mvars.o)
    0x2000009c   0x08005eb4   0x00000004   Data   RW         7210    .data               mc_w.l(mvars.o)
    0x200000a0        -       0x000000f0   Zero   RW         5106    .bss                tasks.o
    0x20000190        -       0x00002710   Zero   RW         5631    .bss                heap_4.o
    0x200028a0        -       0x00000040   Zero   RW         6286    .bss                stm32l4xx_hal_timebase_tim.o
    0x200028e0        -       0x000000be   Zero   RW         6332    .bss                main.o
    0x2000299e   0x08005eb8   0x00000002   PAD
    0x200029a0        -       0x00000098   Zero   RW         6466    .bss                i2c.o
    0x20002a38        -       0x00000298   Zero   RW         6531    .bss                usbh_conf.o
    0x20002cd0        -       0x00000078   Zero   RW         6771    .bss                usart.o
    0x20002d48        -       0x000003d0   Zero   RW         6812    .bss                usb_host.o
    0x20003118        -       0x0000000c   Zero   RW         6850    .bss                rng.o
    0x20003124   0x08005eb8   0x00000004   PAD
    0x20003128        -       0x00000200   Zero   RW            2    HEAP                startup_stm32l476xx.o
    0x20003328        -       0x00000400   Zero   RW            1    STACK               startup_stm32l476xx.o


==============================================================================

Image component sizes


      Code (inc. data)   RO Data    RW Data    ZI Data      Debug   Object Name

       372         12          0          0          0      18272   cmsis_os.o
        52         10         32          4          0       1758   freertos.o
       498         26          0          0          0       1223   gpio.o
       456         22          0         24      10000       7515   heap_4.o
       224         44          0          0        152       1831   i2c.o
       136          0          0          0          0       3698   list.o
       622        142          0          8        190       5769   main.o
       790         84          0         12          0      12205   port.o
      1588         14          0          0          0      14856   queue.o
        96         34          0          0         12       1591   rng.o
        36          8        392          0       1536        860   startup_stm32l476xx.o
        92         16          0          4          0       3684   stm32l4xx_hal.o
       218         14          0          0          0      31217   stm32l4xx_hal_cortex.o
       468         38          0          0          0       2604   stm32l4xx_hal_gpio.o
      2252          4          0          0          0      13897   stm32l4xx_hal_hcd.o
       184          6          0          0          0       3039   stm32l4xx_hal_i2c.o
       168          0          0          0          0       1995   stm32l4xx_hal_i2c_ex.o
       128          6          0          0          0        958   stm32l4xx_hal_msp.o
       132         24          0          0          0       1987   stm32l4xx_hal_pwr_ex.o
      1964        104          0          0          0       8073   stm32l4xx_hal_rcc.o
      1522         48          0          0          0       4745   stm32l4xx_hal_rcc_ex.o
        48          0          0          0          0       1127   stm32l4xx_hal_rng.o
       638         32          0          0          0       7360   stm32l4xx_hal_tim.o
         4          0          0          0          0       1778   stm32l4xx_hal_tim_ex.o
       116         18          0          0         64       1524   stm32l4xx_hal_timebase_tim.o
      1346         70          0          0          0       6577   stm32l4xx_hal_uart.o
        28         12          0          0          0       1440   stm32l4xx_it.o
      1774         30          0          0          0      16738   stm32l4xx_ll_usb.o
        68         12         72          4          0     839445   system_stm32l4xx.o
      2070        170          0         60        240      32633   tasks.o
       156         38          0          0        120       1750   usart.o
        76         18          0          1        976       1736   usb_host.o
       904          6          4         32          0      41556   usbh_cdc.o
       594         32          0          0        664      11796   usbh_conf.o
      1188         26         40          0          0      11538   usbh_core.o
      1130         12          0          0          0      10120   usbh_ctlreq.o
       172          0          0          0          0       4512   usbh_ioreq.o
       106          0          0          0          0       3490   usbh_pipes.o
        24          6          0          0          0        546   usbh_platform.o

    ----------------------------------------------------------------------
     22484       1138        572        152      13960    1137443   Object Totals
         0          0         32          0          0          0   (incl. Generated)
        44          0          0          3          6          0   (incl. Padding)

    ----------------------------------------------------------------------

      Code (inc. data)   RO Data    RW Data    ZI Data      Debug   Library Member Name

         0          0          0          0          0          0   entry.o
         0          0          0          0          0          0   entry10a.o
         0          0          0          0          0          0   entry11a.o
         8          4          0          0          0          0   entry2.o
         4          0          0          0          0          0   entry5.o
         0          0          0          0          0          0   entry7b.o
         0          0          0          0          0          0   entry8b.o
         8          4          0          0          0          0   entry9a.o
        30          0          0          0          0          0   handlers.o
        36          8          0          0          0         68   init.o
        30          0          0          0          0         68   llshl.o
        32          0          0          0          0         68   llushr.o
       188         20          0          0          0        160   malloc.o
        36          0          0          0          0         68   memcpya.o
         0          0          0          8          0          0   mvars.o
       496         10          0          0          0        252   printf3.o
        14          0          0          0          0         68   strlen.o
        44          0          0          0          0         80   uidiv.o
       104          0          0          0          0         92   uldiv.o

    ----------------------------------------------------------------------
      1032         46          0          8          0        924   Library Totals
         2          0          0          0          0          0   (incl. Padding)

    ----------------------------------------------------------------------

      Code (inc. data)   RO Data    RW Data    ZI Data      Debug   Library Name

      1030         46          0          8          0        924   mc_w.l

    ----------------------------------------------------------------------
      1032         46          0          8          0        924   Library Totals

    ----------------------------------------------------------------------

==============================================================================


      Code (inc. data)   RO Data    RW Data    ZI Data      Debug   

     23516       1184        572        160      13960    1115555   Grand Totals
     23516       1184        572        160      13960    1115555   ELF Image Totals
     23516       1184        572        160          0          0   ROM Totals

==============================================================================

    Total RO  Size (Code + RO Data)                24088 (  23.52kB)
    Total RW  Size (RW Data + ZI Data)             14120 (  13.79kB)
    Total ROM Size (Code + RO Data + RW Data)      24248 (  23.68kB)

==============================================================================

